2025-10-20 23:51:55,299 P1678 [INFO] ************************************************************
2025-10-20 23:51:55,299 P1678 [INFO] ConfigSet _OnInstanceBoot
2025-10-20 23:51:55,302 P1678 [INFO] ++++++++++++++++++++++++++++++++++++++++++++++++++++++++++++
2025-10-20 23:51:55,302 P1678 [INFO] Config AWSEBBaseConfig
2025-10-20 23:51:55,507 P1678 [INFO] ============================================================
2025-10-20 23:51:55,507 P1678 [INFO] Command clearbackupfiles
2025-10-20 23:51:55,518 P1678 [INFO] Completed successfully.
2025-10-20 23:51:55,522 P1678 [INFO] ++++++++++++++++++++++++++++++++++++++++++++++++++++++++++++
2025-10-20 23:51:55,522 P1678 [INFO] Config AWSEBCfnHupEndpointOverride
2025-10-20 23:51:55,522 P1678 [INFO] ============================================================
2025-10-20 23:51:55,522 P1678 [INFO] Command clearbackupfiles
2025-10-20 23:51:55,526 P1678 [INFO] Completed successfully.
2025-10-20 23:52:17,240 P1870 [INFO] ************************************************************
2025-10-20 23:52:17,240 P1870 [INFO] ConfigSet Infra-EmbeddedPreBuild
2025-10-20 23:52:17,243 P1870 [INFO] ++++++++++++++++++++++++++++++++++++++++++++++++++++++++++++
2025-10-20 23:52:17,243 P1870 [INFO] Config prebuild_0_jeceProject
2025-10-20 23:52:17,246 P1870 [INFO] ++++++++++++++++++++++++++++++++++++++++++++++++++++++++++++
2025-10-20 23:52:17,246 P1870 [INFO] Config prebuild_1_jeceProject
2025-10-20 23:52:19,674 P1986 [INFO] ************************************************************
2025-10-20 23:52:19,674 P1986 [INFO] ConfigSet Infra-EmbeddedPostBuild
2025-10-21 11:00:07,465 P26441 [INFO] ************************************************************
2025-10-21 11:00:07,465 P26441 [INFO] ConfigSet Infra-EmbeddedPreBuild
2025-10-21 11:37:41,688 P27908 [INFO] ************************************************************
2025-10-21 11:37:41,688 P27908 [INFO] ConfigSet Infra-EmbeddedPreBuild
2025-10-21 11:52:17,519 P28473 [INFO] ************************************************************
2025-10-21 11:52:17,519 P28473 [INFO] ConfigSet Infra-EmbeddedPreBuild
2025-10-21 11:52:17,522 P28473 [INFO] ++++++++++++++++++++++++++++++++++++++++++++++++++++++++++++
2025-10-21 11:52:17,522 P28473 [INFO] Config prebuild_0_jeceProject
2025-10-21 11:52:17,522 P28473 [INFO] ============================================================
2025-10-21 11:52:17,522 P28473 [INFO] yum clean metadata
2025-10-21 11:52:18,133 P28473 [INFO] -----------------------Command Output-----------------------
2025-10-21 11:52:18,134 P28473 [INFO] 	Cache was expired
2025-10-21 11:52:18,134 P28473 [INFO] 	17 files removed
2025-10-21 11:52:18,134 P28473 [INFO] ------------------------------------------------------------
2025-10-21 11:52:18,134 P28473 [INFO] Completed successfully.
2025-10-21 11:52:18,134 P28473 [INFO] ============================================================
2025-10-21 11:52:18,134 P28473 [INFO] yum makecache
2025-10-21 11:52:30,492 P28473 [INFO] -----------------------Command Output-----------------------
2025-10-21 11:52:30,493 P28473 [INFO] 	Amazon Linux 2023 repository                     69 MB/s |  47 MB     00:00    
2025-10-21 11:52:30,493 P28473 [INFO] 	Amazon Linux 2023 Kernel Livepatch repository   243 kB/s |  26 kB     00:00    
2025-10-21 11:52:30,493 P28473 [INFO] 	Metadata cache created.
2025-10-21 11:52:30,493 P28473 [INFO] ------------------------------------------------------------
2025-10-21 11:52:30,493 P28473 [INFO] Completed successfully.
2025-10-21 11:52:30,493 P28473 [INFO] ============================================================
2025-10-21 11:52:30,493 P28473 [INFO] yum list installed python3-devel
2025-10-21 11:52:30,890 P28473 [INFO] -----------------------Command Output-----------------------
2025-10-21 11:52:30,891 P28473 [INFO] 	Error: No matching Packages to list
2025-10-21 11:52:30,891 P28473 [INFO] ------------------------------------------------------------
2025-10-21 11:52:30,891 P28473 [ERROR] Exited with error code 1
2025-10-21 11:52:30,891 P28473 [INFO] ============================================================
2025-10-21 11:52:30,891 P28473 [INFO] yum list available python3-devel
2025-10-21 11:52:31,307 P28473 [INFO] -----------------------Command Output-----------------------
2025-10-21 11:52:31,308 P28473 [INFO] 	Last metadata expiration check: 0:00:02 ago on Tue 21 Oct 2025 11:52:29 AM UTC.
2025-10-21 11:52:31,308 P28473 [INFO] 	Available Packages
2025-10-21 11:52:31,308 P28473 [INFO] 	python3-devel.x86_64              3.9.16-1.amzn2023.0.2              amazonlinux
2025-10-21 11:52:31,308 P28473 [INFO] 	python3-devel.x86_64              3.9.16-1.amzn2023.0.3              amazonlinux
2025-10-21 11:52:31,308 P28473 [INFO] 	python3-devel.x86_64              3.9.16-1.amzn2023.0.5              amazonlinux
2025-10-21 11:52:31,308 P28473 [INFO] 	python3-devel.x86_64              3.9.16-1.amzn2023.0.6              amazonlinux
2025-10-21 11:52:31,308 P28473 [INFO] 	python3-devel.x86_64              3.9.16-1.amzn2023.0.7              amazonlinux
2025-10-21 11:52:31,308 P28473 [INFO] 	python3-devel.x86_64              3.9.16-1.amzn2023.0.8              amazonlinux
2025-10-21 11:52:31,308 P28473 [INFO] 	python3-devel.x86_64              3.9.16-1.amzn2023.0.9              amazonlinux
2025-10-21 11:52:31,308 P28473 [INFO] 	python3-devel.x86_64              3.9.20-1.amzn2023.0.2              amazonlinux
2025-10-21 11:52:31,308 P28473 [INFO] 	python3-devel.x86_64              3.9.20-1.amzn2023.0.3              amazonlinux
2025-10-21 11:52:31,308 P28473 [INFO] 	python3-devel.x86_64              3.9.21-1.amzn2023.0.1              amazonlinux
2025-10-21 11:52:31,308 P28473 [INFO] 	python3-devel.x86_64              3.9.21-1.amzn2023.0.2              amazonlinux
2025-10-21 11:52:31,308 P28473 [INFO] 	python3-devel.x86_64              3.9.21-1.amzn2023.0.3              amazonlinux
2025-10-21 11:52:31,308 P28473 [INFO] 	python3-devel.x86_64              3.9.22-1.amzn2023.0.1              amazonlinux
2025-10-21 11:52:31,308 P28473 [INFO] 	python3-devel.x86_64              3.9.22-1.amzn2023.0.2              amazonlinux
2025-10-21 11:52:31,308 P28473 [INFO] 	python3-devel.x86_64              3.9.23-1.amzn2023.0.1              amazonlinux
2025-10-21 11:52:31,308 P28473 [INFO] 	python3-devel.x86_64              3.9.23-1.amzn2023.0.2              amazonlinux
2025-10-21 11:52:31,308 P28473 [INFO] 	python3-devel.x86_64              3.9.23-1.amzn2023.0.3              amazonlinux
2025-10-21 11:52:31,308 P28473 [INFO] ------------------------------------------------------------
2025-10-21 11:52:31,308 P28473 [INFO] Completed successfully.
2025-10-21 11:52:31,308 P28473 [INFO] ============================================================
2025-10-21 11:52:31,308 P28473 [INFO] yum list installed git
2025-10-21 11:52:31,592 P28473 [INFO] -----------------------Command Output-----------------------
2025-10-21 11:52:31,592 P28473 [INFO] 	Error: No matching Packages to list
2025-10-21 11:52:31,592 P28473 [INFO] ------------------------------------------------------------
2025-10-21 11:52:31,592 P28473 [ERROR] Exited with error code 1
2025-10-21 11:52:31,592 P28473 [INFO] ============================================================
2025-10-21 11:52:31,592 P28473 [INFO] yum list available git
2025-10-21 11:52:32,004 P28473 [INFO] -----------------------Command Output-----------------------
2025-10-21 11:52:32,005 P28473 [INFO] 	Last metadata expiration check: 0:00:02 ago on Tue 21 Oct 2025 11:52:29 AM UTC.
2025-10-21 11:52:32,005 P28473 [INFO] 	Available Packages
2025-10-21 11:52:32,005 P28473 [INFO] 	git.x86_64                   2.39.1-1.amzn2023.0.2                   amazonlinux
2025-10-21 11:52:32,005 P28473 [INFO] 	git.x86_64                   2.39.1-1.amzn2023.0.3                   amazonlinux
2025-10-21 11:52:32,005 P28473 [INFO] 	git.x86_64                   2.39.2-1.amzn2023.0.1                   amazonlinux
2025-10-21 11:52:32,005 P28473 [INFO] 	git.x86_64                   2.40.1-1.amzn2023.0.1                   amazonlinux
2025-10-21 11:52:32,005 P28473 [INFO] 	git.x86_64                   2.40.1-1.amzn2023.0.2                   amazonlinux
2025-10-21 11:52:32,005 P28473 [INFO] 	git.x86_64                   2.40.1-1.amzn2023.0.3                   amazonlinux
2025-10-21 11:52:32,005 P28473 [INFO] 	git.x86_64                   2.47.1-1.amzn2023.0.1                   amazonlinux
2025-10-21 11:52:32,005 P28473 [INFO] 	git.x86_64                   2.47.1-1.amzn2023.0.2                   amazonlinux
2025-10-21 11:52:32,005 P28473 [INFO] 	git.x86_64                   2.47.1-1.amzn2023.0.3                   amazonlinux
2025-10-21 11:52:32,005 P28473 [INFO] 	git.x86_64                   2.50.1-1.amzn2023.0.1                   amazonlinux
2025-10-21 11:52:32,005 P28473 [INFO] ------------------------------------------------------------
2025-10-21 11:52:32,005 P28473 [INFO] Completed successfully.
2025-10-21 11:52:32,005 P28473 [INFO] ============================================================
2025-10-21 11:52:32,005 P28473 [INFO] yum list installed libpq-devel
2025-10-21 11:52:32,285 P28473 [INFO] -----------------------Command Output-----------------------
2025-10-21 11:52:32,285 P28473 [INFO] 	Error: No matching Packages to list
2025-10-21 11:52:32,285 P28473 [INFO] ------------------------------------------------------------
2025-10-21 11:52:32,285 P28473 [ERROR] Exited with error code 1
2025-10-21 11:52:32,285 P28473 [INFO] ============================================================
2025-10-21 11:52:32,285 P28473 [INFO] yum list available libpq-devel
2025-10-21 11:52:32,703 P28473 [INFO] -----------------------Command Output-----------------------
2025-10-21 11:52:32,704 P28473 [INFO] 	Last metadata expiration check: 0:00:03 ago on Tue 21 Oct 2025 11:52:29 AM UTC.
2025-10-21 11:52:32,704 P28473 [INFO] 	Available Packages
2025-10-21 11:52:32,704 P28473 [INFO] 	libpq-devel.x86_64                15.0-2.amzn2023.0.1                amazonlinux
2025-10-21 11:52:32,704 P28473 [INFO] 	libpq-devel.x86_64                15.7-1.amzn2023.0.1                amazonlinux
2025-10-21 11:52:32,704 P28473 [INFO] 	libpq-devel.x86_64                15.8-1.amzn2023.0.1                amazonlinux
2025-10-21 11:52:32,704 P28473 [INFO] 	libpq-devel.x86_64                16.4-1.amzn2023.0.1                amazonlinux
2025-10-21 11:52:32,704 P28473 [INFO] 	libpq-devel.x86_64                16.4-1.amzn2023.0.2                amazonlinux
2025-10-21 11:52:32,704 P28473 [INFO] 	libpq-devel.x86_64                16.8-1.amzn2023.0.1                amazonlinux
2025-10-21 11:52:32,704 P28473 [INFO] 	libpq-devel.x86_64                17.4-1.amzn2023.0.1                amazonlinux
2025-10-21 11:52:32,704 P28473 [INFO] 	libpq-devel.x86_64                17.6-1.amzn2023.0.1                amazonlinux
2025-10-21 11:52:32,704 P28473 [INFO] ------------------------------------------------------------
2025-10-21 11:52:32,704 P28473 [INFO] Completed successfully.
2025-10-21 11:52:32,704 P28473 [INFO] ============================================================
2025-10-21 11:52:32,704 P28473 [INFO] yum list installed postgresql-devel
2025-10-21 11:52:32,984 P28473 [INFO] -----------------------Command Output-----------------------
2025-10-21 11:52:32,984 P28473 [INFO] 	Error: No matching Packages to list
2025-10-21 11:52:32,984 P28473 [INFO] ------------------------------------------------------------
2025-10-21 11:52:32,984 P28473 [ERROR] Exited with error code 1
2025-10-21 11:52:32,984 P28473 [INFO] ============================================================
2025-10-21 11:52:32,984 P28473 [INFO] yum list available postgresql-devel
2025-10-21 11:52:33,404 P28473 [INFO] -----------------------Command Output-----------------------
2025-10-21 11:52:33,404 P28473 [INFO] 	Last metadata expiration check: 0:00:04 ago on Tue 21 Oct 2025 11:52:29 AM UTC.
2025-10-21 11:52:33,404 P28473 [INFO] 	Error: No matching Packages to list
2025-10-21 11:52:33,404 P28473 [INFO] ------------------------------------------------------------
2025-10-21 11:52:33,404 P28473 [ERROR] Exited with error code 1
2025-10-21 11:55:29,451 P28645 [INFO] ************************************************************
2025-10-21 11:55:29,452 P28645 [INFO] ConfigSet Infra-EmbeddedPreBuild
2025-10-21 11:55:29,454 P28645 [INFO] ++++++++++++++++++++++++++++++++++++++++++++++++++++++++++++
2025-10-21 11:55:29,454 P28645 [INFO] Config prebuild_0_jeceProject
2025-10-21 11:55:29,454 P28645 [INFO] ============================================================
2025-10-21 11:55:29,454 P28645 [INFO] yum clean metadata
2025-10-21 11:55:29,690 P28645 [INFO] -----------------------Command Output-----------------------
2025-10-21 11:55:29,691 P28645 [INFO] 	Cache was expired
2025-10-21 11:55:29,691 P28645 [INFO] 	17 files removed
2025-10-21 11:55:29,691 P28645 [INFO] ------------------------------------------------------------
2025-10-21 11:55:29,691 P28645 [INFO] Completed successfully.
2025-10-21 11:55:29,691 P28645 [INFO] ============================================================
2025-10-21 11:55:29,691 P28645 [INFO] yum makecache
2025-10-21 11:55:41,978 P28645 [INFO] -----------------------Command Output-----------------------
2025-10-21 11:55:41,979 P28645 [INFO] 	Amazon Linux 2023 repository                     71 MB/s |  47 MB     00:00    
2025-10-21 11:55:41,979 P28645 [INFO] 	Amazon Linux 2023 Kernel Livepatch repository   251 kB/s |  26 kB     00:00    
2025-10-21 11:55:41,979 P28645 [INFO] 	Last metadata expiration check: 0:00:01 ago on Tue 21 Oct 2025 11:55:40 AM UTC.
2025-10-21 11:55:41,979 P28645 [INFO] 	Metadata cache created.
2025-10-21 11:55:41,979 P28645 [INFO] ------------------------------------------------------------
2025-10-21 11:55:41,979 P28645 [INFO] Completed successfully.
2025-10-21 11:55:41,979 P28645 [INFO] ============================================================
2025-10-21 11:55:41,979 P28645 [INFO] yum list installed python3-devel
2025-10-21 11:55:42,266 P28645 [INFO] -----------------------Command Output-----------------------
2025-10-21 11:55:42,266 P28645 [INFO] 	Error: No matching Packages to list
2025-10-21 11:55:42,266 P28645 [INFO] ------------------------------------------------------------
2025-10-21 11:55:42,266 P28645 [ERROR] Exited with error code 1
2025-10-21 11:55:42,266 P28645 [INFO] ============================================================
2025-10-21 11:55:42,266 P28645 [INFO] yum list available python3-devel
2025-10-21 11:55:42,689 P28645 [INFO] -----------------------Command Output-----------------------
2025-10-21 11:55:42,689 P28645 [INFO] 	Last metadata expiration check: 0:00:02 ago on Tue 21 Oct 2025 11:55:40 AM UTC.
2025-10-21 11:55:42,689 P28645 [INFO] 	Available Packages
2025-10-21 11:55:42,689 P28645 [INFO] 	python3-devel.x86_64              3.9.16-1.amzn2023.0.2              amazonlinux
2025-10-21 11:55:42,689 P28645 [INFO] 	python3-devel.x86_64              3.9.16-1.amzn2023.0.3              amazonlinux
2025-10-21 11:55:42,689 P28645 [INFO] 	python3-devel.x86_64              3.9.16-1.amzn2023.0.5              amazonlinux
2025-10-21 11:55:42,689 P28645 [INFO] 	python3-devel.x86_64              3.9.16-1.amzn2023.0.6              amazonlinux
2025-10-21 11:55:42,690 P28645 [INFO] 	python3-devel.x86_64              3.9.16-1.amzn2023.0.7              amazonlinux
2025-10-21 11:55:42,690 P28645 [INFO] 	python3-devel.x86_64              3.9.16-1.amzn2023.0.8              amazonlinux
2025-10-21 11:55:42,690 P28645 [INFO] 	python3-devel.x86_64              3.9.16-1.amzn2023.0.9              amazonlinux
2025-10-21 11:55:42,690 P28645 [INFO] 	python3-devel.x86_64              3.9.20-1.amzn2023.0.2              amazonlinux
2025-10-21 11:55:42,690 P28645 [INFO] 	python3-devel.x86_64              3.9.20-1.amzn2023.0.3              amazonlinux
2025-10-21 11:55:42,690 P28645 [INFO] 	python3-devel.x86_64              3.9.21-1.amzn2023.0.1              amazonlinux
2025-10-21 11:55:42,690 P28645 [INFO] 	python3-devel.x86_64              3.9.21-1.amzn2023.0.2              amazonlinux
2025-10-21 11:55:42,690 P28645 [INFO] 	python3-devel.x86_64              3.9.21-1.amzn2023.0.3              amazonlinux
2025-10-21 11:55:42,690 P28645 [INFO] 	python3-devel.x86_64              3.9.22-1.amzn2023.0.1              amazonlinux
2025-10-21 11:55:42,690 P28645 [INFO] 	python3-devel.x86_64              3.9.22-1.amzn2023.0.2              amazonlinux
2025-10-21 11:55:42,690 P28645 [INFO] 	python3-devel.x86_64              3.9.23-1.amzn2023.0.1              amazonlinux
2025-10-21 11:55:42,690 P28645 [INFO] 	python3-devel.x86_64              3.9.23-1.amzn2023.0.2              amazonlinux
2025-10-21 11:55:42,690 P28645 [INFO] 	python3-devel.x86_64              3.9.23-1.amzn2023.0.3              amazonlinux
2025-10-21 11:55:42,690 P28645 [INFO] ------------------------------------------------------------
2025-10-21 11:55:42,690 P28645 [INFO] Completed successfully.
2025-10-21 11:55:42,690 P28645 [INFO] ============================================================
2025-10-21 11:55:42,690 P28645 [INFO] yum list installed git
2025-10-21 11:55:42,974 P28645 [INFO] -----------------------Command Output-----------------------
2025-10-21 11:55:42,974 P28645 [INFO] 	Error: No matching Packages to list
2025-10-21 11:55:42,974 P28645 [INFO] ------------------------------------------------------------
2025-10-21 11:55:42,974 P28645 [ERROR] Exited with error code 1
2025-10-21 11:55:42,974 P28645 [INFO] ============================================================
2025-10-21 11:55:42,974 P28645 [INFO] yum list available git
2025-10-21 11:55:43,396 P28645 [INFO] -----------------------Command Output-----------------------
2025-10-21 11:55:43,396 P28645 [INFO] 	Last metadata expiration check: 0:00:03 ago on Tue 21 Oct 2025 11:55:40 AM UTC.
2025-10-21 11:55:43,396 P28645 [INFO] 	Available Packages
2025-10-21 11:55:43,396 P28645 [INFO] 	git.x86_64                   2.39.1-1.amzn2023.0.2                   amazonlinux
2025-10-21 11:55:43,396 P28645 [INFO] 	git.x86_64                   2.39.1-1.amzn2023.0.3                   amazonlinux
2025-10-21 11:55:43,396 P28645 [INFO] 	git.x86_64                   2.39.2-1.amzn2023.0.1                   amazonlinux
2025-10-21 11:55:43,397 P28645 [INFO] 	git.x86_64                   2.40.1-1.amzn2023.0.1                   amazonlinux
2025-10-21 11:55:43,397 P28645 [INFO] 	git.x86_64                   2.40.1-1.amzn2023.0.2                   amazonlinux
2025-10-21 11:55:43,397 P28645 [INFO] 	git.x86_64                   2.40.1-1.amzn2023.0.3                   amazonlinux
2025-10-21 11:55:43,397 P28645 [INFO] 	git.x86_64                   2.47.1-1.amzn2023.0.1                   amazonlinux
2025-10-21 11:55:43,397 P28645 [INFO] 	git.x86_64                   2.47.1-1.amzn2023.0.2                   amazonlinux
2025-10-21 11:55:43,397 P28645 [INFO] 	git.x86_64                   2.47.1-1.amzn2023.0.3                   amazonlinux
2025-10-21 11:55:43,397 P28645 [INFO] 	git.x86_64                   2.50.1-1.amzn2023.0.1                   amazonlinux
2025-10-21 11:55:43,397 P28645 [INFO] ------------------------------------------------------------
2025-10-21 11:55:43,397 P28645 [INFO] Completed successfully.
2025-10-21 11:55:43,397 P28645 [INFO] ============================================================
2025-10-21 11:55:43,397 P28645 [INFO] yum list installed libpq-devel
2025-10-21 11:55:43,682 P28645 [INFO] -----------------------Command Output-----------------------
2025-10-21 11:55:43,682 P28645 [INFO] 	Error: No matching Packages to list
2025-10-21 11:55:43,682 P28645 [INFO] ------------------------------------------------------------
2025-10-21 11:55:43,682 P28645 [ERROR] Exited with error code 1
2025-10-21 11:55:43,682 P28645 [INFO] ============================================================
2025-10-21 11:55:43,682 P28645 [INFO] yum list available libpq-devel
2025-10-21 11:55:44,109 P28645 [INFO] -----------------------Command Output-----------------------
2025-10-21 11:55:44,109 P28645 [INFO] 	Last metadata expiration check: 0:00:04 ago on Tue 21 Oct 2025 11:55:40 AM UTC.
2025-10-21 11:55:44,109 P28645 [INFO] 	Available Packages
2025-10-21 11:55:44,109 P28645 [INFO] 	libpq-devel.x86_64                15.0-2.amzn2023.0.1                amazonlinux
2025-10-21 11:55:44,109 P28645 [INFO] 	libpq-devel.x86_64                15.7-1.amzn2023.0.1                amazonlinux
2025-10-21 11:55:44,109 P28645 [INFO] 	libpq-devel.x86_64                15.8-1.amzn2023.0.1                amazonlinux
2025-10-21 11:55:44,109 P28645 [INFO] 	libpq-devel.x86_64                16.4-1.amzn2023.0.1                amazonlinux
2025-10-21 11:55:44,109 P28645 [INFO] 	libpq-devel.x86_64                16.4-1.amzn2023.0.2                amazonlinux
2025-10-21 11:55:44,109 P28645 [INFO] 	libpq-devel.x86_64                16.8-1.amzn2023.0.1                amazonlinux
2025-10-21 11:55:44,109 P28645 [INFO] 	libpq-devel.x86_64                17.4-1.amzn2023.0.1                amazonlinux
2025-10-21 11:55:44,109 P28645 [INFO] 	libpq-devel.x86_64                17.6-1.amzn2023.0.1                amazonlinux
2025-10-21 11:55:44,109 P28645 [INFO] ------------------------------------------------------------
2025-10-21 11:55:44,109 P28645 [INFO] Completed successfully.
2025-10-21 11:55:44,110 P28645 [INFO] ============================================================
2025-10-21 11:55:44,110 P28645 [INFO] yum list installed postgresql-devel
2025-10-21 11:55:44,398 P28645 [INFO] -----------------------Command Output-----------------------
2025-10-21 11:55:44,398 P28645 [INFO] 	Error: No matching Packages to list
2025-10-21 11:55:44,398 P28645 [INFO] ------------------------------------------------------------
2025-10-21 11:55:44,398 P28645 [ERROR] Exited with error code 1
2025-10-21 11:55:44,398 P28645 [INFO] ============================================================
2025-10-21 11:55:44,398 P28645 [INFO] yum list available postgresql-devel
2025-10-21 11:55:44,829 P28645 [INFO] -----------------------Command Output-----------------------
2025-10-21 11:55:44,829 P28645 [INFO] 	Last metadata expiration check: 0:00:04 ago on Tue 21 Oct 2025 11:55:40 AM UTC.
2025-10-21 11:55:44,829 P28645 [INFO] 	Error: No matching Packages to list
2025-10-21 11:55:44,829 P28645 [INFO] ------------------------------------------------------------
2025-10-21 11:55:44,829 P28645 [ERROR] Exited with error code 1
2025-10-21 12:12:13,421 P29317 [INFO] ************************************************************
2025-10-21 12:12:13,421 P29317 [INFO] ConfigSet Infra-EmbeddedPreBuild
2025-10-21 12:12:13,423 P29317 [INFO] ++++++++++++++++++++++++++++++++++++++++++++++++++++++++++++
2025-10-21 12:12:13,423 P29317 [INFO] Config prebuild_0_jeceProject
2025-10-21 12:12:13,423 P29317 [INFO] ============================================================
2025-10-21 12:12:13,423 P29317 [INFO] yum clean metadata
2025-10-21 12:12:13,660 P29317 [INFO] -----------------------Command Output-----------------------
2025-10-21 12:12:13,660 P29317 [INFO] 	Cache was expired
2025-10-21 12:12:13,660 P29317 [INFO] 	17 files removed
2025-10-21 12:12:13,661 P29317 [INFO] ------------------------------------------------------------
2025-10-21 12:12:13,661 P29317 [INFO] Completed successfully.
2025-10-21 12:12:13,661 P29317 [INFO] ============================================================
2025-10-21 12:12:13,661 P29317 [INFO] yum makecache
2025-10-21 12:12:25,966 P29317 [INFO] -----------------------Command Output-----------------------
2025-10-21 12:12:25,967 P29317 [INFO] 	Amazon Linux 2023 repository                     71 MB/s |  47 MB     00:00    
2025-10-21 12:12:25,967 P29317 [INFO] 	Amazon Linux 2023 Kernel Livepatch repository   244 kB/s |  26 kB     00:00    
2025-10-21 12:12:25,967 P29317 [INFO] 	Last metadata expiration check: 0:00:01 ago on Tue 21 Oct 2025 12:12:24 PM UTC.
2025-10-21 12:12:25,967 P29317 [INFO] 	Metadata cache created.
2025-10-21 12:12:25,967 P29317 [INFO] ------------------------------------------------------------
2025-10-21 12:12:25,967 P29317 [INFO] Completed successfully.
2025-10-21 12:12:25,967 P29317 [INFO] ============================================================
2025-10-21 12:12:25,967 P29317 [INFO] yum list installed python3-devel
2025-10-21 12:12:26,247 P29317 [INFO] -----------------------Command Output-----------------------
2025-10-21 12:12:26,247 P29317 [INFO] 	Error: No matching Packages to list
2025-10-21 12:12:26,248 P29317 [INFO] ------------------------------------------------------------
2025-10-21 12:12:26,248 P29317 [ERROR] Exited with error code 1
2025-10-21 12:12:26,248 P29317 [INFO] ============================================================
2025-10-21 12:12:26,248 P29317 [INFO] yum list available python3-devel
2025-10-21 12:12:26,673 P29317 [INFO] -----------------------Command Output-----------------------
2025-10-21 12:12:26,673 P29317 [INFO] 	Last metadata expiration check: 0:00:02 ago on Tue 21 Oct 2025 12:12:24 PM UTC.
2025-10-21 12:12:26,673 P29317 [INFO] 	Available Packages
2025-10-21 12:12:26,673 P29317 [INFO] 	python3-devel.x86_64              3.9.16-1.amzn2023.0.2              amazonlinux
2025-10-21 12:12:26,673 P29317 [INFO] 	python3-devel.x86_64              3.9.16-1.amzn2023.0.3              amazonlinux
2025-10-21 12:12:26,673 P29317 [INFO] 	python3-devel.x86_64              3.9.16-1.amzn2023.0.5              amazonlinux
2025-10-21 12:12:26,673 P29317 [INFO] 	python3-devel.x86_64              3.9.16-1.amzn2023.0.6              amazonlinux
2025-10-21 12:12:26,673 P29317 [INFO] 	python3-devel.x86_64              3.9.16-1.amzn2023.0.7              amazonlinux
2025-10-21 12:12:26,673 P29317 [INFO] 	python3-devel.x86_64              3.9.16-1.amzn2023.0.8              amazonlinux
2025-10-21 12:12:26,673 P29317 [INFO] 	python3-devel.x86_64              3.9.16-1.amzn2023.0.9              amazonlinux
2025-10-21 12:12:26,673 P29317 [INFO] 	python3-devel.x86_64              3.9.20-1.amzn2023.0.2              amazonlinux
2025-10-21 12:12:26,673 P29317 [INFO] 	python3-devel.x86_64              3.9.20-1.amzn2023.0.3              amazonlinux
2025-10-21 12:12:26,673 P29317 [INFO] 	python3-devel.x86_64              3.9.21-1.amzn2023.0.1              amazonlinux
2025-10-21 12:12:26,673 P29317 [INFO] 	python3-devel.x86_64              3.9.21-1.amzn2023.0.2              amazonlinux
2025-10-21 12:12:26,673 P29317 [INFO] 	python3-devel.x86_64              3.9.21-1.amzn2023.0.3              amazonlinux
2025-10-21 12:12:26,673 P29317 [INFO] 	python3-devel.x86_64              3.9.22-1.amzn2023.0.1              amazonlinux
2025-10-21 12:12:26,673 P29317 [INFO] 	python3-devel.x86_64              3.9.22-1.amzn2023.0.2              amazonlinux
2025-10-21 12:12:26,674 P29317 [INFO] 	python3-devel.x86_64              3.9.23-1.amzn2023.0.1              amazonlinux
2025-10-21 12:12:26,674 P29317 [INFO] 	python3-devel.x86_64              3.9.23-1.amzn2023.0.2              amazonlinux
2025-10-21 12:12:26,674 P29317 [INFO] 	python3-devel.x86_64              3.9.23-1.amzn2023.0.3              amazonlinux
2025-10-21 12:12:26,674 P29317 [INFO] ------------------------------------------------------------
2025-10-21 12:12:26,674 P29317 [INFO] Completed successfully.
2025-10-21 12:12:26,674 P29317 [INFO] ============================================================
2025-10-21 12:12:26,674 P29317 [INFO] yum list installed git
2025-10-21 12:12:26,957 P29317 [INFO] -----------------------Command Output-----------------------
2025-10-21 12:12:26,957 P29317 [INFO] 	Error: No matching Packages to list
2025-10-21 12:12:26,958 P29317 [INFO] ------------------------------------------------------------
2025-10-21 12:12:26,958 P29317 [ERROR] Exited with error code 1
2025-10-21 12:12:26,958 P29317 [INFO] ============================================================
2025-10-21 12:12:26,958 P29317 [INFO] yum list available git
2025-10-21 12:12:27,381 P29317 [INFO] -----------------------Command Output-----------------------
2025-10-21 12:12:27,381 P29317 [INFO] 	Last metadata expiration check: 0:00:03 ago on Tue 21 Oct 2025 12:12:24 PM UTC.
2025-10-21 12:12:27,381 P29317 [INFO] 	Available Packages
2025-10-21 12:12:27,381 P29317 [INFO] 	git.x86_64                   2.39.1-1.amzn2023.0.2                   amazonlinux
2025-10-21 12:12:27,381 P29317 [INFO] 	git.x86_64                   2.39.1-1.amzn2023.0.3                   amazonlinux
2025-10-21 12:12:27,381 P29317 [INFO] 	git.x86_64                   2.39.2-1.amzn2023.0.1                   amazonlinux
2025-10-21 12:12:27,381 P29317 [INFO] 	git.x86_64                   2.40.1-1.amzn2023.0.1                   amazonlinux
2025-10-21 12:12:27,381 P29317 [INFO] 	git.x86_64                   2.40.1-1.amzn2023.0.2                   amazonlinux
2025-10-21 12:12:27,382 P29317 [INFO] 	git.x86_64                   2.40.1-1.amzn2023.0.3                   amazonlinux
2025-10-21 12:12:27,382 P29317 [INFO] 	git.x86_64                   2.47.1-1.amzn2023.0.1                   amazonlinux
2025-10-21 12:12:27,382 P29317 [INFO] 	git.x86_64                   2.47.1-1.amzn2023.0.2                   amazonlinux
2025-10-21 12:12:27,382 P29317 [INFO] 	git.x86_64                   2.47.1-1.amzn2023.0.3                   amazonlinux
2025-10-21 12:12:27,382 P29317 [INFO] 	git.x86_64                   2.50.1-1.amzn2023.0.1                   amazonlinux
2025-10-21 12:12:27,382 P29317 [INFO] ------------------------------------------------------------
2025-10-21 12:12:27,382 P29317 [INFO] Completed successfully.
2025-10-21 12:12:27,382 P29317 [INFO] ============================================================
2025-10-21 12:12:27,382 P29317 [INFO] yum list installed libpq-devel
2025-10-21 12:12:27,666 P29317 [INFO] -----------------------Command Output-----------------------
2025-10-21 12:12:27,666 P29317 [INFO] 	Error: No matching Packages to list
2025-10-21 12:12:27,666 P29317 [INFO] ------------------------------------------------------------
2025-10-21 12:12:27,666 P29317 [ERROR] Exited with error code 1
2025-10-21 12:12:27,667 P29317 [INFO] ============================================================
2025-10-21 12:12:27,667 P29317 [INFO] yum list available libpq-devel
2025-10-21 12:12:28,086 P29317 [INFO] -----------------------Command Output-----------------------
2025-10-21 12:12:28,086 P29317 [INFO] 	Last metadata expiration check: 0:00:04 ago on Tue 21 Oct 2025 12:12:24 PM UTC.
2025-10-21 12:12:28,086 P29317 [INFO] 	Available Packages
2025-10-21 12:12:28,086 P29317 [INFO] 	libpq-devel.x86_64                15.0-2.amzn2023.0.1                amazonlinux
2025-10-21 12:12:28,086 P29317 [INFO] 	libpq-devel.x86_64                15.7-1.amzn2023.0.1                amazonlinux
2025-10-21 12:12:28,086 P29317 [INFO] 	libpq-devel.x86_64                15.8-1.amzn2023.0.1                amazonlinux
2025-10-21 12:12:28,086 P29317 [INFO] 	libpq-devel.x86_64                16.4-1.amzn2023.0.1                amazonlinux
2025-10-21 12:12:28,086 P29317 [INFO] 	libpq-devel.x86_64                16.4-1.amzn2023.0.2                amazonlinux
2025-10-21 12:12:28,086 P29317 [INFO] 	libpq-devel.x86_64                16.8-1.amzn2023.0.1                amazonlinux
2025-10-21 12:12:28,086 P29317 [INFO] 	libpq-devel.x86_64                17.4-1.amzn2023.0.1                amazonlinux
2025-10-21 12:12:28,086 P29317 [INFO] 	libpq-devel.x86_64                17.6-1.amzn2023.0.1                amazonlinux
2025-10-21 12:12:28,086 P29317 [INFO] ------------------------------------------------------------
2025-10-21 12:12:28,086 P29317 [INFO] Completed successfully.
2025-10-21 12:12:28,086 P29317 [INFO] ============================================================
2025-10-21 12:12:28,086 P29317 [INFO] yum list installed postgresql-devel
2025-10-21 12:12:28,373 P29317 [INFO] -----------------------Command Output-----------------------
2025-10-21 12:12:28,373 P29317 [INFO] 	Error: No matching Packages to list
2025-10-21 12:12:28,373 P29317 [INFO] ------------------------------------------------------------
2025-10-21 12:12:28,373 P29317 [ERROR] Exited with error code 1
2025-10-21 12:12:28,373 P29317 [INFO] ============================================================
2025-10-21 12:12:28,373 P29317 [INFO] yum list available postgresql-devel
2025-10-21 12:12:28,798 P29317 [INFO] -----------------------Command Output-----------------------
2025-10-21 12:12:28,798 P29317 [INFO] 	Last metadata expiration check: 0:00:04 ago on Tue 21 Oct 2025 12:12:24 PM UTC.
2025-10-21 12:12:28,798 P29317 [INFO] 	Error: No matching Packages to list
2025-10-21 12:12:28,798 P29317 [INFO] ------------------------------------------------------------
2025-10-21 12:12:28,798 P29317 [ERROR] Exited with error code 1
2025-10-21 12:47:15,346 P30642 [INFO] ************************************************************
2025-10-21 12:47:15,346 P30642 [INFO] ConfigSet Infra-EmbeddedPreBuild
2025-10-21 12:47:15,348 P30642 [INFO] ++++++++++++++++++++++++++++++++++++++++++++++++++++++++++++
2025-10-21 12:47:15,348 P30642 [INFO] Config prebuild_0_jeceProject
2025-10-21 12:47:15,348 P30642 [INFO] ============================================================
2025-10-21 12:47:15,348 P30642 [INFO] yum clean metadata
2025-10-21 12:47:15,586 P30642 [INFO] -----------------------Command Output-----------------------
2025-10-21 12:47:15,586 P30642 [INFO] 	Cache was expired
2025-10-21 12:47:15,586 P30642 [INFO] 	17 files removed
2025-10-21 12:47:15,586 P30642 [INFO] ------------------------------------------------------------
2025-10-21 12:47:15,586 P30642 [INFO] Completed successfully.
2025-10-21 12:47:15,586 P30642 [INFO] ============================================================
2025-10-21 12:47:15,586 P30642 [INFO] yum makecache
2025-10-21 12:47:27,806 P30642 [INFO] -----------------------Command Output-----------------------
2025-10-21 12:47:27,806 P30642 [INFO] 	Amazon Linux 2023 repository                     70 MB/s |  47 MB     00:00    
2025-10-21 12:47:27,806 P30642 [INFO] 	Amazon Linux 2023 Kernel Livepatch repository   251 kB/s |  26 kB     00:00    
2025-10-21 12:47:27,806 P30642 [INFO] 	Metadata cache created.
2025-10-21 12:47:27,806 P30642 [INFO] ------------------------------------------------------------
2025-10-21 12:47:27,806 P30642 [INFO] Completed successfully.
2025-10-21 12:47:27,806 P30642 [INFO] ============================================================
2025-10-21 12:47:27,806 P30642 [INFO] yum list installed python3-devel
2025-10-21 12:47:28,090 P30642 [INFO] -----------------------Command Output-----------------------
2025-10-21 12:47:28,090 P30642 [INFO] 	Error: No matching Packages to list
2025-10-21 12:47:28,090 P30642 [INFO] ------------------------------------------------------------
2025-10-21 12:47:28,090 P30642 [ERROR] Exited with error code 1
2025-10-21 12:47:28,090 P30642 [INFO] ============================================================
2025-10-21 12:47:28,090 P30642 [INFO] yum list available python3-devel
2025-10-21 12:47:28,519 P30642 [INFO] -----------------------Command Output-----------------------
2025-10-21 12:47:28,519 P30642 [INFO] 	Last metadata expiration check: 0:00:02 ago on Tue 21 Oct 2025 12:47:26 PM UTC.
2025-10-21 12:47:28,519 P30642 [INFO] 	Available Packages
2025-10-21 12:47:28,519 P30642 [INFO] 	python3-devel.x86_64              3.9.16-1.amzn2023.0.2              amazonlinux
2025-10-21 12:47:28,519 P30642 [INFO] 	python3-devel.x86_64              3.9.16-1.amzn2023.0.3              amazonlinux
2025-10-21 12:47:28,519 P30642 [INFO] 	python3-devel.x86_64              3.9.16-1.amzn2023.0.5              amazonlinux
2025-10-21 12:47:28,519 P30642 [INFO] 	python3-devel.x86_64              3.9.16-1.amzn2023.0.6              amazonlinux
2025-10-21 12:47:28,519 P30642 [INFO] 	python3-devel.x86_64              3.9.16-1.amzn2023.0.7              amazonlinux
2025-10-21 12:47:28,519 P30642 [INFO] 	python3-devel.x86_64              3.9.16-1.amzn2023.0.8              amazonlinux
2025-10-21 12:47:28,519 P30642 [INFO] 	python3-devel.x86_64              3.9.16-1.amzn2023.0.9              amazonlinux
2025-10-21 12:47:28,519 P30642 [INFO] 	python3-devel.x86_64              3.9.20-1.amzn2023.0.2              amazonlinux
2025-10-21 12:47:28,519 P30642 [INFO] 	python3-devel.x86_64              3.9.20-1.amzn2023.0.3              amazonlinux
2025-10-21 12:47:28,519 P30642 [INFO] 	python3-devel.x86_64              3.9.21-1.amzn2023.0.1              amazonlinux
2025-10-21 12:47:28,519 P30642 [INFO] 	python3-devel.x86_64              3.9.21-1.amzn2023.0.2              amazonlinux
2025-10-21 12:47:28,519 P30642 [INFO] 	python3-devel.x86_64              3.9.21-1.amzn2023.0.3              amazonlinux
2025-10-21 12:47:28,520 P30642 [INFO] 	python3-devel.x86_64              3.9.22-1.amzn2023.0.1              amazonlinux
2025-10-21 12:47:28,520 P30642 [INFO] 	python3-devel.x86_64              3.9.22-1.amzn2023.0.2              amazonlinux
2025-10-21 12:47:28,520 P30642 [INFO] 	python3-devel.x86_64              3.9.23-1.amzn2023.0.1              amazonlinux
2025-10-21 12:47:28,520 P30642 [INFO] 	python3-devel.x86_64              3.9.23-1.amzn2023.0.2              amazonlinux
2025-10-21 12:47:28,520 P30642 [INFO] 	python3-devel.x86_64              3.9.23-1.amzn2023.0.3              amazonlinux
2025-10-21 12:47:28,520 P30642 [INFO] ------------------------------------------------------------
2025-10-21 12:47:28,520 P30642 [INFO] Completed successfully.
2025-10-21 12:47:28,520 P30642 [INFO] ============================================================
2025-10-21 12:47:28,520 P30642 [INFO] yum list installed git
2025-10-21 12:47:28,811 P30642 [INFO] -----------------------Command Output-----------------------
2025-10-21 12:47:28,812 P30642 [INFO] 	Error: No matching Packages to list
2025-10-21 12:47:28,812 P30642 [INFO] ------------------------------------------------------------
2025-10-21 12:47:28,812 P30642 [ERROR] Exited with error code 1
2025-10-21 12:47:28,812 P30642 [INFO] ============================================================
2025-10-21 12:47:28,812 P30642 [INFO] yum list available git
2025-10-21 12:47:29,243 P30642 [INFO] -----------------------Command Output-----------------------
2025-10-21 12:47:29,243 P30642 [INFO] 	Last metadata expiration check: 0:00:03 ago on Tue 21 Oct 2025 12:47:26 PM UTC.
2025-10-21 12:47:29,243 P30642 [INFO] 	Available Packages
2025-10-21 12:47:29,243 P30642 [INFO] 	git.x86_64                   2.39.1-1.amzn2023.0.2                   amazonlinux
2025-10-21 12:47:29,243 P30642 [INFO] 	git.x86_64                   2.39.1-1.amzn2023.0.3                   amazonlinux
2025-10-21 12:47:29,243 P30642 [INFO] 	git.x86_64                   2.39.2-1.amzn2023.0.1                   amazonlinux
2025-10-21 12:47:29,243 P30642 [INFO] 	git.x86_64                   2.40.1-1.amzn2023.0.1                   amazonlinux
2025-10-21 12:47:29,243 P30642 [INFO] 	git.x86_64                   2.40.1-1.amzn2023.0.2                   amazonlinux
2025-10-21 12:47:29,243 P30642 [INFO] 	git.x86_64                   2.40.1-1.amzn2023.0.3                   amazonlinux
2025-10-21 12:47:29,243 P30642 [INFO] 	git.x86_64                   2.47.1-1.amzn2023.0.1                   amazonlinux
2025-10-21 12:47:29,243 P30642 [INFO] 	git.x86_64                   2.47.1-1.amzn2023.0.2                   amazonlinux
2025-10-21 12:47:29,244 P30642 [INFO] 	git.x86_64                   2.47.1-1.amzn2023.0.3                   amazonlinux
2025-10-21 12:47:29,244 P30642 [INFO] 	git.x86_64                   2.50.1-1.amzn2023.0.1                   amazonlinux
2025-10-21 12:47:29,244 P30642 [INFO] ------------------------------------------------------------
2025-10-21 12:47:29,244 P30642 [INFO] Completed successfully.
2025-10-21 12:47:29,244 P30642 [INFO] ============================================================
2025-10-21 12:47:29,244 P30642 [INFO] yum list installed libpq-devel
2025-10-21 12:47:29,530 P30642 [INFO] -----------------------Command Output-----------------------
2025-10-21 12:47:29,531 P30642 [INFO] 	Error: No matching Packages to list
2025-10-21 12:47:29,531 P30642 [INFO] ------------------------------------------------------------
2025-10-21 12:47:29,531 P30642 [ERROR] Exited with error code 1
2025-10-21 12:47:29,531 P30642 [INFO] ============================================================
2025-10-21 12:47:29,531 P30642 [INFO] yum list available libpq-devel
2025-10-21 12:47:29,952 P30642 [INFO] -----------------------Command Output-----------------------
2025-10-21 12:47:29,952 P30642 [INFO] 	Last metadata expiration check: 0:00:03 ago on Tue 21 Oct 2025 12:47:26 PM UTC.
2025-10-21 12:47:29,952 P30642 [INFO] 	Available Packages
2025-10-21 12:47:29,952 P30642 [INFO] 	libpq-devel.x86_64                15.0-2.amzn2023.0.1                amazonlinux
2025-10-21 12:47:29,952 P30642 [INFO] 	libpq-devel.x86_64                15.7-1.amzn2023.0.1                amazonlinux
2025-10-21 12:47:29,952 P30642 [INFO] 	libpq-devel.x86_64                15.8-1.amzn2023.0.1                amazonlinux
2025-10-21 12:47:29,952 P30642 [INFO] 	libpq-devel.x86_64                16.4-1.amzn2023.0.1                amazonlinux
2025-10-21 12:47:29,952 P30642 [INFO] 	libpq-devel.x86_64                16.4-1.amzn2023.0.2                amazonlinux
2025-10-21 12:47:29,952 P30642 [INFO] 	libpq-devel.x86_64                16.8-1.amzn2023.0.1                amazonlinux
2025-10-21 12:47:29,952 P30642 [INFO] 	libpq-devel.x86_64                17.4-1.amzn2023.0.1                amazonlinux
2025-10-21 12:47:29,952 P30642 [INFO] 	libpq-devel.x86_64                17.6-1.amzn2023.0.1                amazonlinux
2025-10-21 12:47:29,952 P30642 [INFO] ------------------------------------------------------------
2025-10-21 12:47:29,952 P30642 [INFO] Completed successfully.
2025-10-21 12:47:29,953 P30642 [INFO] ============================================================
2025-10-21 12:47:29,953 P30642 [INFO] yum list installed postgresql-devel
2025-10-21 12:47:30,240 P30642 [INFO] -----------------------Command Output-----------------------
2025-10-21 12:47:30,241 P30642 [INFO] 	Error: No matching Packages to list
2025-10-21 12:47:30,241 P30642 [INFO] ------------------------------------------------------------
2025-10-21 12:47:30,241 P30642 [ERROR] Exited with error code 1
2025-10-21 12:47:30,241 P30642 [INFO] ============================================================
2025-10-21 12:47:30,241 P30642 [INFO] yum list available postgresql-devel
2025-10-21 12:47:30,671 P30642 [INFO] -----------------------Command Output-----------------------
2025-10-21 12:47:30,671 P30642 [INFO] 	Last metadata expiration check: 0:00:04 ago on Tue 21 Oct 2025 12:47:26 PM UTC.
2025-10-21 12:47:30,671 P30642 [INFO] 	Error: No matching Packages to list
2025-10-21 12:47:30,671 P30642 [INFO] ------------------------------------------------------------
2025-10-21 12:47:30,671 P30642 [ERROR] Exited with error code 1
2025-10-21 12:51:12,869 P30830 [INFO] ************************************************************
2025-10-21 12:51:12,869 P30830 [INFO] ConfigSet Infra-EmbeddedPreBuild
2025-10-21 12:51:12,871 P30830 [INFO] ++++++++++++++++++++++++++++++++++++++++++++++++++++++++++++
2025-10-21 12:51:12,871 P30830 [INFO] Config prebuild_0_jeceProject
2025-10-21 12:51:12,871 P30830 [INFO] ============================================================
2025-10-21 12:51:12,871 P30830 [INFO] yum clean metadata
2025-10-21 12:51:13,111 P30830 [INFO] -----------------------Command Output-----------------------
2025-10-21 12:51:13,111 P30830 [INFO] 	Cache was expired
2025-10-21 12:51:13,111 P30830 [INFO] 	17 files removed
2025-10-21 12:51:13,111 P30830 [INFO] ------------------------------------------------------------
2025-10-21 12:51:13,111 P30830 [INFO] Completed successfully.
2025-10-21 12:51:13,111 P30830 [INFO] ============================================================
2025-10-21 12:51:13,111 P30830 [INFO] yum makecache
2025-10-21 12:51:25,368 P30830 [INFO] -----------------------Command Output-----------------------
2025-10-21 12:51:25,369 P30830 [INFO] 	Amazon Linux 2023 repository                     71 MB/s |  47 MB     00:00    
2025-10-21 12:51:25,369 P30830 [INFO] 	Amazon Linux 2023 Kernel Livepatch repository   244 kB/s |  26 kB     00:00    
2025-10-21 12:51:25,369 P30830 [INFO] 	Metadata cache created.
2025-10-21 12:51:25,369 P30830 [INFO] ------------------------------------------------------------
2025-10-21 12:51:25,369 P30830 [INFO] Completed successfully.
2025-10-21 12:51:25,369 P30830 [INFO] ============================================================
2025-10-21 12:51:25,369 P30830 [INFO] yum list installed python3-devel
2025-10-21 12:51:25,651 P30830 [INFO] -----------------------Command Output-----------------------
2025-10-21 12:51:25,652 P30830 [INFO] 	Error: No matching Packages to list
2025-10-21 12:51:25,652 P30830 [INFO] ------------------------------------------------------------
2025-10-21 12:51:25,652 P30830 [ERROR] Exited with error code 1
2025-10-21 12:51:25,652 P30830 [INFO] ============================================================
2025-10-21 12:51:25,652 P30830 [INFO] yum list available python3-devel
2025-10-21 12:51:26,068 P30830 [INFO] -----------------------Command Output-----------------------
2025-10-21 12:51:26,069 P30830 [INFO] 	Last metadata expiration check: 0:00:01 ago on Tue 21 Oct 2025 12:51:24 PM UTC.
2025-10-21 12:51:26,069 P30830 [INFO] 	Available Packages
2025-10-21 12:51:26,069 P30830 [INFO] 	python3-devel.x86_64              3.9.16-1.amzn2023.0.2              amazonlinux
2025-10-21 12:51:26,069 P30830 [INFO] 	python3-devel.x86_64              3.9.16-1.amzn2023.0.3              amazonlinux
2025-10-21 12:51:26,069 P30830 [INFO] 	python3-devel.x86_64              3.9.16-1.amzn2023.0.5              amazonlinux
2025-10-21 12:51:26,069 P30830 [INFO] 	python3-devel.x86_64              3.9.16-1.amzn2023.0.6              amazonlinux
2025-10-21 12:51:26,069 P30830 [INFO] 	python3-devel.x86_64              3.9.16-1.amzn2023.0.7              amazonlinux
2025-10-21 12:51:26,069 P30830 [INFO] 	python3-devel.x86_64              3.9.16-1.amzn2023.0.8              amazonlinux
2025-10-21 12:51:26,069 P30830 [INFO] 	python3-devel.x86_64              3.9.16-1.amzn2023.0.9              amazonlinux
2025-10-21 12:51:26,069 P30830 [INFO] 	python3-devel.x86_64              3.9.20-1.amzn2023.0.2              amazonlinux
2025-10-21 12:51:26,069 P30830 [INFO] 	python3-devel.x86_64              3.9.20-1.amzn2023.0.3              amazonlinux
2025-10-21 12:51:26,069 P30830 [INFO] 	python3-devel.x86_64              3.9.21-1.amzn2023.0.1              amazonlinux
2025-10-21 12:51:26,069 P30830 [INFO] 	python3-devel.x86_64              3.9.21-1.amzn2023.0.2              amazonlinux
2025-10-21 12:51:26,069 P30830 [INFO] 	python3-devel.x86_64              3.9.21-1.amzn2023.0.3              amazonlinux
2025-10-21 12:51:26,069 P30830 [INFO] 	python3-devel.x86_64              3.9.22-1.amzn2023.0.1              amazonlinux
2025-10-21 12:51:26,069 P30830 [INFO] 	python3-devel.x86_64              3.9.22-1.amzn2023.0.2              amazonlinux
2025-10-21 12:51:26,069 P30830 [INFO] 	python3-devel.x86_64              3.9.23-1.amzn2023.0.1              amazonlinux
2025-10-21 12:51:26,069 P30830 [INFO] 	python3-devel.x86_64              3.9.23-1.amzn2023.0.2              amazonlinux
2025-10-21 12:51:26,069 P30830 [INFO] 	python3-devel.x86_64              3.9.23-1.amzn2023.0.3              amazonlinux
2025-10-21 12:51:26,069 P30830 [INFO] ------------------------------------------------------------
2025-10-21 12:51:26,069 P30830 [INFO] Completed successfully.
2025-10-21 12:51:26,069 P30830 [INFO] ============================================================
2025-10-21 12:51:26,070 P30830 [INFO] yum list installed git
2025-10-21 12:51:26,346 P30830 [INFO] -----------------------Command Output-----------------------
2025-10-21 12:51:26,346 P30830 [INFO] 	Error: No matching Packages to list
2025-10-21 12:51:26,346 P30830 [INFO] ------------------------------------------------------------
2025-10-21 12:51:26,346 P30830 [ERROR] Exited with error code 1
2025-10-21 12:51:26,346 P30830 [INFO] ============================================================
2025-10-21 12:51:26,347 P30830 [INFO] yum list available git
2025-10-21 12:51:26,760 P30830 [INFO] -----------------------Command Output-----------------------
2025-10-21 12:51:26,760 P30830 [INFO] 	Last metadata expiration check: 0:00:02 ago on Tue 21 Oct 2025 12:51:24 PM UTC.
2025-10-21 12:51:26,760 P30830 [INFO] 	Available Packages
2025-10-21 12:51:26,760 P30830 [INFO] 	git.x86_64                   2.39.1-1.amzn2023.0.2                   amazonlinux
2025-10-21 12:51:26,760 P30830 [INFO] 	git.x86_64                   2.39.1-1.amzn2023.0.3                   amazonlinux
2025-10-21 12:51:26,760 P30830 [INFO] 	git.x86_64                   2.39.2-1.amzn2023.0.1                   amazonlinux
2025-10-21 12:51:26,760 P30830 [INFO] 	git.x86_64                   2.40.1-1.amzn2023.0.1                   amazonlinux
2025-10-21 12:51:26,760 P30830 [INFO] 	git.x86_64                   2.40.1-1.amzn2023.0.2                   amazonlinux
2025-10-21 12:51:26,760 P30830 [INFO] 	git.x86_64                   2.40.1-1.amzn2023.0.3                   amazonlinux
2025-10-21 12:51:26,760 P30830 [INFO] 	git.x86_64                   2.47.1-1.amzn2023.0.1                   amazonlinux
2025-10-21 12:51:26,760 P30830 [INFO] 	git.x86_64                   2.47.1-1.amzn2023.0.2                   amazonlinux
2025-10-21 12:51:26,760 P30830 [INFO] 	git.x86_64                   2.47.1-1.amzn2023.0.3                   amazonlinux
2025-10-21 12:51:26,760 P30830 [INFO] 	git.x86_64                   2.50.1-1.amzn2023.0.1                   amazonlinux
2025-10-21 12:51:26,760 P30830 [INFO] ------------------------------------------------------------
2025-10-21 12:51:26,760 P30830 [INFO] Completed successfully.
2025-10-21 12:51:26,760 P30830 [INFO] ============================================================
2025-10-21 12:51:26,760 P30830 [INFO] yum list installed libpq-devel
2025-10-21 12:51:27,042 P30830 [INFO] -----------------------Command Output-----------------------
2025-10-21 12:51:27,042 P30830 [INFO] 	Error: No matching Packages to list
2025-10-21 12:51:27,042 P30830 [INFO] ------------------------------------------------------------
2025-10-21 12:51:27,042 P30830 [ERROR] Exited with error code 1
2025-10-21 12:51:27,042 P30830 [INFO] ============================================================
2025-10-21 12:51:27,042 P30830 [INFO] yum list available libpq-devel
2025-10-21 12:51:27,460 P30830 [INFO] -----------------------Command Output-----------------------
2025-10-21 12:51:27,461 P30830 [INFO] 	Last metadata expiration check: 0:00:03 ago on Tue 21 Oct 2025 12:51:24 PM UTC.
2025-10-21 12:51:27,461 P30830 [INFO] 	Available Packages
2025-10-21 12:51:27,461 P30830 [INFO] 	libpq-devel.x86_64                15.0-2.amzn2023.0.1                amazonlinux
2025-10-21 12:51:27,461 P30830 [INFO] 	libpq-devel.x86_64                15.7-1.amzn2023.0.1                amazonlinux
2025-10-21 12:51:27,461 P30830 [INFO] 	libpq-devel.x86_64                15.8-1.amzn2023.0.1                amazonlinux
2025-10-21 12:51:27,461 P30830 [INFO] 	libpq-devel.x86_64                16.4-1.amzn2023.0.1                amazonlinux
2025-10-21 12:51:27,461 P30830 [INFO] 	libpq-devel.x86_64                16.4-1.amzn2023.0.2                amazonlinux
2025-10-21 12:51:27,461 P30830 [INFO] 	libpq-devel.x86_64                16.8-1.amzn2023.0.1                amazonlinux
2025-10-21 12:51:27,461 P30830 [INFO] 	libpq-devel.x86_64                17.4-1.amzn2023.0.1                amazonlinux
2025-10-21 12:51:27,461 P30830 [INFO] 	libpq-devel.x86_64                17.6-1.amzn2023.0.1                amazonlinux
2025-10-21 12:51:27,461 P30830 [INFO] ------------------------------------------------------------
2025-10-21 12:51:27,461 P30830 [INFO] Completed successfully.
2025-10-21 12:51:27,461 P30830 [INFO] ============================================================
2025-10-21 12:51:27,461 P30830 [INFO] yum list installed postgresql-devel
2025-10-21 12:51:27,742 P30830 [INFO] -----------------------Command Output-----------------------
2025-10-21 12:51:27,743 P30830 [INFO] 	Error: No matching Packages to list
2025-10-21 12:51:27,743 P30830 [INFO] ------------------------------------------------------------
2025-10-21 12:51:27,743 P30830 [ERROR] Exited with error code 1
2025-10-21 12:51:27,743 P30830 [INFO] ============================================================
2025-10-21 12:51:27,743 P30830 [INFO] yum list available postgresql-devel
2025-10-21 12:51:28,166 P30830 [INFO] -----------------------Command Output-----------------------
2025-10-21 12:51:28,166 P30830 [INFO] 	Last metadata expiration check: 0:00:04 ago on Tue 21 Oct 2025 12:51:24 PM UTC.
2025-10-21 12:51:28,166 P30830 [INFO] 	Error: No matching Packages to list
2025-10-21 12:51:28,166 P30830 [INFO] ------------------------------------------------------------
2025-10-21 12:51:28,166 P30830 [ERROR] Exited with error code 1
2025-10-21 12:58:05,765 P31562 [INFO] ************************************************************
2025-10-21 12:58:05,765 P31562 [INFO] ConfigSet Infra-EmbeddedPreBuild
2025-10-21 12:58:05,767 P31562 [INFO] ++++++++++++++++++++++++++++++++++++++++++++++++++++++++++++
2025-10-21 12:58:05,767 P31562 [INFO] Config prebuild_0_jeceProject
2025-10-21 12:58:05,767 P31562 [INFO] ============================================================
2025-10-21 12:58:05,767 P31562 [INFO] yum clean metadata
2025-10-21 12:58:06,010 P31562 [INFO] -----------------------Command Output-----------------------
2025-10-21 12:58:06,011 P31562 [INFO] 	Cache was expired
2025-10-21 12:58:06,011 P31562 [INFO] 	17 files removed
2025-10-21 12:58:06,011 P31562 [INFO] ------------------------------------------------------------
2025-10-21 12:58:06,011 P31562 [INFO] Completed successfully.
2025-10-21 12:58:06,011 P31562 [INFO] ============================================================
2025-10-21 12:58:06,011 P31562 [INFO] yum makecache
2025-10-21 12:58:18,366 P31562 [INFO] -----------------------Command Output-----------------------
2025-10-21 12:58:18,366 P31562 [INFO] 	Amazon Linux 2023 repository                     70 MB/s |  47 MB     00:00    
2025-10-21 12:58:18,367 P31562 [INFO] 	Amazon Linux 2023 Kernel Livepatch repository   244 kB/s |  26 kB     00:00    
2025-10-21 12:58:18,367 P31562 [INFO] 	Metadata cache created.
2025-10-21 12:58:18,367 P31562 [INFO] ------------------------------------------------------------
2025-10-21 12:58:18,367 P31562 [INFO] Completed successfully.
2025-10-21 12:58:18,367 P31562 [INFO] ============================================================
2025-10-21 12:58:18,367 P31562 [INFO] yum list installed python3-devel
2025-10-21 12:58:18,652 P31562 [INFO] -----------------------Command Output-----------------------
2025-10-21 12:58:18,652 P31562 [INFO] 	Error: No matching Packages to list
2025-10-21 12:58:18,652 P31562 [INFO] ------------------------------------------------------------
2025-10-21 12:58:18,652 P31562 [ERROR] Exited with error code 1
2025-10-21 12:58:18,652 P31562 [INFO] ============================================================
2025-10-21 12:58:18,652 P31562 [INFO] yum list available python3-devel
2025-10-21 12:58:19,084 P31562 [INFO] -----------------------Command Output-----------------------
2025-10-21 12:58:19,085 P31562 [INFO] 	Last metadata expiration check: 0:00:02 ago on Tue 21 Oct 2025 12:58:17 PM UTC.
2025-10-21 12:58:19,085 P31562 [INFO] 	Available Packages
2025-10-21 12:58:19,085 P31562 [INFO] 	python3-devel.x86_64              3.9.16-1.amzn2023.0.2              amazonlinux
2025-10-21 12:58:19,085 P31562 [INFO] 	python3-devel.x86_64              3.9.16-1.amzn2023.0.3              amazonlinux
2025-10-21 12:58:19,085 P31562 [INFO] 	python3-devel.x86_64              3.9.16-1.amzn2023.0.5              amazonlinux
2025-10-21 12:58:19,085 P31562 [INFO] 	python3-devel.x86_64              3.9.16-1.amzn2023.0.6              amazonlinux
2025-10-21 12:58:19,085 P31562 [INFO] 	python3-devel.x86_64              3.9.16-1.amzn2023.0.7              amazonlinux
2025-10-21 12:58:19,085 P31562 [INFO] 	python3-devel.x86_64              3.9.16-1.amzn2023.0.8              amazonlinux
2025-10-21 12:58:19,085 P31562 [INFO] 	python3-devel.x86_64              3.9.16-1.amzn2023.0.9              amazonlinux
2025-10-21 12:58:19,085 P31562 [INFO] 	python3-devel.x86_64              3.9.20-1.amzn2023.0.2              amazonlinux
2025-10-21 12:58:19,085 P31562 [INFO] 	python3-devel.x86_64              3.9.20-1.amzn2023.0.3              amazonlinux
2025-10-21 12:58:19,085 P31562 [INFO] 	python3-devel.x86_64              3.9.21-1.amzn2023.0.1              amazonlinux
2025-10-21 12:58:19,085 P31562 [INFO] 	python3-devel.x86_64              3.9.21-1.amzn2023.0.2              amazonlinux
2025-10-21 12:58:19,085 P31562 [INFO] 	python3-devel.x86_64              3.9.21-1.amzn2023.0.3              amazonlinux
2025-10-21 12:58:19,085 P31562 [INFO] 	python3-devel.x86_64              3.9.22-1.amzn2023.0.1              amazonlinux
2025-10-21 12:58:19,085 P31562 [INFO] 	python3-devel.x86_64              3.9.22-1.amzn2023.0.2              amazonlinux
2025-10-21 12:58:19,085 P31562 [INFO] 	python3-devel.x86_64              3.9.23-1.amzn2023.0.1              amazonlinux
2025-10-21 12:58:19,085 P31562 [INFO] 	python3-devel.x86_64              3.9.23-1.amzn2023.0.2              amazonlinux
2025-10-21 12:58:19,085 P31562 [INFO] 	python3-devel.x86_64              3.9.23-1.amzn2023.0.3              amazonlinux
2025-10-21 12:58:19,085 P31562 [INFO] ------------------------------------------------------------
2025-10-21 12:58:19,085 P31562 [INFO] Completed successfully.
2025-10-21 12:58:19,085 P31562 [INFO] ============================================================
2025-10-21 12:58:19,086 P31562 [INFO] yum list installed git
2025-10-21 12:58:19,379 P31562 [INFO] -----------------------Command Output-----------------------
2025-10-21 12:58:19,379 P31562 [INFO] 	Error: No matching Packages to list
2025-10-21 12:58:19,379 P31562 [INFO] ------------------------------------------------------------
2025-10-21 12:58:19,379 P31562 [ERROR] Exited with error code 1
2025-10-21 12:58:19,379 P31562 [INFO] ============================================================
2025-10-21 12:58:19,379 P31562 [INFO] yum list available git
2025-10-21 12:58:19,871 P31562 [INFO] -----------------------Command Output-----------------------
2025-10-21 12:58:19,871 P31562 [INFO] 	Last metadata expiration check: 0:00:02 ago on Tue 21 Oct 2025 12:58:17 PM UTC.
2025-10-21 12:58:19,871 P31562 [INFO] 	Available Packages
2025-10-21 12:58:19,871 P31562 [INFO] 	git.x86_64                   2.39.1-1.amzn2023.0.2                   amazonlinux
2025-10-21 12:58:19,871 P31562 [INFO] 	git.x86_64                   2.39.1-1.amzn2023.0.3                   amazonlinux
2025-10-21 12:58:19,871 P31562 [INFO] 	git.x86_64                   2.39.2-1.amzn2023.0.1                   amazonlinux
2025-10-21 12:58:19,871 P31562 [INFO] 	git.x86_64                   2.40.1-1.amzn2023.0.1                   amazonlinux
2025-10-21 12:58:19,871 P31562 [INFO] 	git.x86_64                   2.40.1-1.amzn2023.0.2                   amazonlinux
2025-10-21 12:58:19,871 P31562 [INFO] 	git.x86_64                   2.40.1-1.amzn2023.0.3                   amazonlinux
2025-10-21 12:58:19,871 P31562 [INFO] 	git.x86_64                   2.47.1-1.amzn2023.0.1                   amazonlinux
2025-10-21 12:58:19,872 P31562 [INFO] 	git.x86_64                   2.47.1-1.amzn2023.0.2                   amazonlinux
2025-10-21 12:58:19,872 P31562 [INFO] 	git.x86_64                   2.47.1-1.amzn2023.0.3                   amazonlinux
2025-10-21 12:58:19,872 P31562 [INFO] 	git.x86_64                   2.50.1-1.amzn2023.0.1                   amazonlinux
2025-10-21 12:58:19,872 P31562 [INFO] ------------------------------------------------------------
2025-10-21 12:58:19,872 P31562 [INFO] Completed successfully.
2025-10-21 12:58:19,872 P31562 [INFO] ============================================================
2025-10-21 12:58:19,872 P31562 [INFO] yum list installed libpq-devel
2025-10-21 12:58:20,161 P31562 [INFO] -----------------------Command Output-----------------------
2025-10-21 12:58:20,162 P31562 [INFO] 	Error: No matching Packages to list
2025-10-21 12:58:20,162 P31562 [INFO] ------------------------------------------------------------
2025-10-21 12:58:20,162 P31562 [ERROR] Exited with error code 1
2025-10-21 12:58:20,162 P31562 [INFO] ============================================================
2025-10-21 12:58:20,162 P31562 [INFO] yum list available libpq-devel
2025-10-21 12:58:20,589 P31562 [INFO] -----------------------Command Output-----------------------
2025-10-21 12:58:20,590 P31562 [INFO] 	Last metadata expiration check: 0:00:03 ago on Tue 21 Oct 2025 12:58:17 PM UTC.
2025-10-21 12:58:20,590 P31562 [INFO] 	Available Packages
2025-10-21 12:58:20,590 P31562 [INFO] 	libpq-devel.x86_64                15.0-2.amzn2023.0.1                amazonlinux
2025-10-21 12:58:20,590 P31562 [INFO] 	libpq-devel.x86_64                15.7-1.amzn2023.0.1                amazonlinux
2025-10-21 12:58:20,590 P31562 [INFO] 	libpq-devel.x86_64                15.8-1.amzn2023.0.1                amazonlinux
2025-10-21 12:58:20,590 P31562 [INFO] 	libpq-devel.x86_64                16.4-1.amzn2023.0.1                amazonlinux
2025-10-21 12:58:20,590 P31562 [INFO] 	libpq-devel.x86_64                16.4-1.amzn2023.0.2                amazonlinux
2025-10-21 12:58:20,590 P31562 [INFO] 	libpq-devel.x86_64                16.8-1.amzn2023.0.1                amazonlinux
2025-10-21 12:58:20,590 P31562 [INFO] 	libpq-devel.x86_64                17.4-1.amzn2023.0.1                amazonlinux
2025-10-21 12:58:20,590 P31562 [INFO] 	libpq-devel.x86_64                17.6-1.amzn2023.0.1                amazonlinux
2025-10-21 12:58:20,590 P31562 [INFO] ------------------------------------------------------------
2025-10-21 12:58:20,590 P31562 [INFO] Completed successfully.
2025-10-21 12:58:20,590 P31562 [INFO] ============================================================
2025-10-21 12:58:20,590 P31562 [INFO] yum list installed postgresql-devel
2025-10-21 12:58:20,880 P31562 [INFO] -----------------------Command Output-----------------------
2025-10-21 12:58:20,880 P31562 [INFO] 	Error: No matching Packages to list
2025-10-21 12:58:20,880 P31562 [INFO] ------------------------------------------------------------
2025-10-21 12:58:20,880 P31562 [ERROR] Exited with error code 1
2025-10-21 12:58:20,881 P31562 [INFO] ============================================================
2025-10-21 12:58:20,881 P31562 [INFO] yum list available postgresql-devel
2025-10-21 12:58:21,315 P31562 [INFO] -----------------------Command Output-----------------------
2025-10-21 12:58:21,315 P31562 [INFO] 	Last metadata expiration check: 0:00:04 ago on Tue 21 Oct 2025 12:58:17 PM UTC.
2025-10-21 12:58:21,315 P31562 [INFO] 	Error: No matching Packages to list
2025-10-21 12:58:21,315 P31562 [INFO] ------------------------------------------------------------
2025-10-21 12:58:21,315 P31562 [ERROR] Exited with error code 1
2025-10-21 13:00:00,402 P31670 [INFO] ************************************************************
2025-10-21 13:00:00,402 P31670 [INFO] ConfigSet Infra-EmbeddedPreBuild
2025-10-21 13:00:00,405 P31670 [INFO] ++++++++++++++++++++++++++++++++++++++++++++++++++++++++++++
2025-10-21 13:00:00,405 P31670 [INFO] Config prebuild_0_jeceProject
2025-10-21 13:00:00,405 P31670 [INFO] ============================================================
2025-10-21 13:00:00,406 P31670 [INFO] yum clean metadata
2025-10-21 13:00:00,693 P31670 [INFO] -----------------------Command Output-----------------------
2025-10-21 13:00:00,694 P31670 [INFO] 	Cache was expired
2025-10-21 13:00:00,694 P31670 [INFO] 	17 files removed
2025-10-21 13:00:00,694 P31670 [INFO] ------------------------------------------------------------
2025-10-21 13:00:00,694 P31670 [INFO] Completed successfully.
2025-10-21 13:00:00,694 P31670 [INFO] ============================================================
2025-10-21 13:00:00,694 P31670 [INFO] yum makecache
2025-10-21 13:00:16,235 P31670 [INFO] -----------------------Command Output-----------------------
2025-10-21 13:00:16,235 P31670 [INFO] 	Amazon Linux 2023 repository                     47 MB/s |  47 MB     00:00    
2025-10-21 13:00:16,235 P31670 [INFO] 	Amazon Linux 2023 Kernel Livepatch repository   239 kB/s |  26 kB     00:00    
2025-10-21 13:00:16,235 P31670 [INFO] 	Metadata cache created.
2025-10-21 13:00:16,235 P31670 [INFO] ------------------------------------------------------------
2025-10-21 13:00:16,235 P31670 [INFO] Completed successfully.
2025-10-21 13:00:16,236 P31670 [INFO] ============================================================
2025-10-21 13:00:16,236 P31670 [INFO] yum list installed python3-devel
2025-10-21 13:00:16,527 P31670 [INFO] -----------------------Command Output-----------------------
2025-10-21 13:00:16,527 P31670 [INFO] 	Error: No matching Packages to list
2025-10-21 13:00:16,527 P31670 [INFO] ------------------------------------------------------------
2025-10-21 13:00:16,527 P31670 [ERROR] Exited with error code 1
2025-10-21 13:00:16,528 P31670 [INFO] ============================================================
2025-10-21 13:00:16,528 P31670 [INFO] yum list available python3-devel
2025-10-21 13:00:16,962 P31670 [INFO] -----------------------Command Output-----------------------
2025-10-21 13:00:16,962 P31670 [INFO] 	Last metadata expiration check: 0:00:01 ago on Tue 21 Oct 2025 01:00:15 PM UTC.
2025-10-21 13:00:16,962 P31670 [INFO] 	Available Packages
2025-10-21 13:00:16,962 P31670 [INFO] 	python3-devel.x86_64              3.9.16-1.amzn2023.0.2              amazonlinux
2025-10-21 13:00:16,963 P31670 [INFO] 	python3-devel.x86_64              3.9.16-1.amzn2023.0.3              amazonlinux
2025-10-21 13:00:16,963 P31670 [INFO] 	python3-devel.x86_64              3.9.16-1.amzn2023.0.5              amazonlinux
2025-10-21 13:00:16,963 P31670 [INFO] 	python3-devel.x86_64              3.9.16-1.amzn2023.0.6              amazonlinux
2025-10-21 13:00:16,963 P31670 [INFO] 	python3-devel.x86_64              3.9.16-1.amzn2023.0.7              amazonlinux
2025-10-21 13:00:16,963 P31670 [INFO] 	python3-devel.x86_64              3.9.16-1.amzn2023.0.8              amazonlinux
2025-10-21 13:00:16,963 P31670 [INFO] 	python3-devel.x86_64              3.9.16-1.amzn2023.0.9              amazonlinux
2025-10-21 13:00:16,963 P31670 [INFO] 	python3-devel.x86_64              3.9.20-1.amzn2023.0.2              amazonlinux
2025-10-21 13:00:16,963 P31670 [INFO] 	python3-devel.x86_64              3.9.20-1.amzn2023.0.3              amazonlinux
2025-10-21 13:00:16,963 P31670 [INFO] 	python3-devel.x86_64              3.9.21-1.amzn2023.0.1              amazonlinux
2025-10-21 13:00:16,963 P31670 [INFO] 	python3-devel.x86_64              3.9.21-1.amzn2023.0.2              amazonlinux
2025-10-21 13:00:16,963 P31670 [INFO] 	python3-devel.x86_64              3.9.21-1.amzn2023.0.3              amazonlinux
2025-10-21 13:00:16,963 P31670 [INFO] 	python3-devel.x86_64              3.9.22-1.amzn2023.0.1              amazonlinux
2025-10-21 13:00:16,963 P31670 [INFO] 	python3-devel.x86_64              3.9.22-1.amzn2023.0.2              amazonlinux
2025-10-21 13:00:16,963 P31670 [INFO] 	python3-devel.x86_64              3.9.23-1.amzn2023.0.1              amazonlinux
2025-10-21 13:00:16,963 P31670 [INFO] 	python3-devel.x86_64              3.9.23-1.amzn2023.0.2              amazonlinux
2025-10-21 13:00:16,963 P31670 [INFO] 	python3-devel.x86_64              3.9.23-1.amzn2023.0.3              amazonlinux
2025-10-21 13:00:16,963 P31670 [INFO] ------------------------------------------------------------
2025-10-21 13:00:16,963 P31670 [INFO] Completed successfully.
2025-10-21 13:00:16,963 P31670 [INFO] ============================================================
2025-10-21 13:00:16,963 P31670 [INFO] yum list installed git
2025-10-21 13:00:17,258 P31670 [INFO] -----------------------Command Output-----------------------
2025-10-21 13:00:17,259 P31670 [INFO] 	Error: No matching Packages to list
2025-10-21 13:00:17,259 P31670 [INFO] ------------------------------------------------------------
2025-10-21 13:00:17,259 P31670 [ERROR] Exited with error code 1
2025-10-21 13:00:17,259 P31670 [INFO] ============================================================
2025-10-21 13:00:17,259 P31670 [INFO] yum list available git
2025-10-21 13:00:17,694 P31670 [INFO] -----------------------Command Output-----------------------
2025-10-21 13:00:17,694 P31670 [INFO] 	Last metadata expiration check: 0:00:02 ago on Tue 21 Oct 2025 01:00:15 PM UTC.
2025-10-21 13:00:17,694 P31670 [INFO] 	Available Packages
2025-10-21 13:00:17,694 P31670 [INFO] 	git.x86_64                   2.39.1-1.amzn2023.0.2                   amazonlinux
2025-10-21 13:00:17,695 P31670 [INFO] 	git.x86_64                   2.39.1-1.amzn2023.0.3                   amazonlinux
2025-10-21 13:00:17,695 P31670 [INFO] 	git.x86_64                   2.39.2-1.amzn2023.0.1                   amazonlinux
2025-10-21 13:00:17,695 P31670 [INFO] 	git.x86_64                   2.40.1-1.amzn2023.0.1                   amazonlinux
2025-10-21 13:00:17,695 P31670 [INFO] 	git.x86_64                   2.40.1-1.amzn2023.0.2                   amazonlinux
2025-10-21 13:00:17,695 P31670 [INFO] 	git.x86_64                   2.40.1-1.amzn2023.0.3                   amazonlinux
2025-10-21 13:00:17,695 P31670 [INFO] 	git.x86_64                   2.47.1-1.amzn2023.0.1                   amazonlinux
2025-10-21 13:00:17,695 P31670 [INFO] 	git.x86_64                   2.47.1-1.amzn2023.0.2                   amazonlinux
2025-10-21 13:00:17,695 P31670 [INFO] 	git.x86_64                   2.47.1-1.amzn2023.0.3                   amazonlinux
2025-10-21 13:00:17,695 P31670 [INFO] 	git.x86_64                   2.50.1-1.amzn2023.0.1                   amazonlinux
2025-10-21 13:00:17,695 P31670 [INFO] ------------------------------------------------------------
2025-10-21 13:00:17,695 P31670 [INFO] Completed successfully.
2025-10-21 13:00:17,695 P31670 [INFO] ============================================================
2025-10-21 13:00:17,695 P31670 [INFO] yum list installed libpq-devel
2025-10-21 13:00:17,982 P31670 [INFO] -----------------------Command Output-----------------------
2025-10-21 13:00:17,982 P31670 [INFO] 	Error: No matching Packages to list
2025-10-21 13:00:17,982 P31670 [INFO] ------------------------------------------------------------
2025-10-21 13:00:17,982 P31670 [ERROR] Exited with error code 1
2025-10-21 13:00:17,983 P31670 [INFO] ============================================================
2025-10-21 13:00:17,983 P31670 [INFO] yum list available libpq-devel
2025-10-21 13:00:18,407 P31670 [INFO] -----------------------Command Output-----------------------
2025-10-21 13:00:18,407 P31670 [INFO] 	Last metadata expiration check: 0:00:03 ago on Tue 21 Oct 2025 01:00:15 PM UTC.
2025-10-21 13:00:18,407 P31670 [INFO] 	Available Packages
2025-10-21 13:00:18,407 P31670 [INFO] 	libpq-devel.x86_64                15.0-2.amzn2023.0.1                amazonlinux
2025-10-21 13:00:18,408 P31670 [INFO] 	libpq-devel.x86_64                15.7-1.amzn2023.0.1                amazonlinux
2025-10-21 13:00:18,408 P31670 [INFO] 	libpq-devel.x86_64                15.8-1.amzn2023.0.1                amazonlinux
2025-10-21 13:00:18,408 P31670 [INFO] 	libpq-devel.x86_64                16.4-1.amzn2023.0.1                amazonlinux
2025-10-21 13:00:18,408 P31670 [INFO] 	libpq-devel.x86_64                16.4-1.amzn2023.0.2                amazonlinux
2025-10-21 13:00:18,408 P31670 [INFO] 	libpq-devel.x86_64                16.8-1.amzn2023.0.1                amazonlinux
2025-10-21 13:00:18,408 P31670 [INFO] 	libpq-devel.x86_64                17.4-1.amzn2023.0.1                amazonlinux
2025-10-21 13:00:18,408 P31670 [INFO] 	libpq-devel.x86_64                17.6-1.amzn2023.0.1                amazonlinux
2025-10-21 13:00:18,408 P31670 [INFO] ------------------------------------------------------------
2025-10-21 13:00:18,408 P31670 [INFO] Completed successfully.
2025-10-21 13:00:18,408 P31670 [INFO] ============================================================
2025-10-21 13:00:18,408 P31670 [INFO] yum list installed postgresql-devel
2025-10-21 13:00:18,698 P31670 [INFO] -----------------------Command Output-----------------------
2025-10-21 13:00:18,698 P31670 [INFO] 	Error: No matching Packages to list
2025-10-21 13:00:18,698 P31670 [INFO] ------------------------------------------------------------
2025-10-21 13:00:18,698 P31670 [ERROR] Exited with error code 1
2025-10-21 13:00:18,698 P31670 [INFO] ============================================================
2025-10-21 13:00:18,698 P31670 [INFO] yum list available postgresql-devel
2025-10-21 13:00:19,135 P31670 [INFO] -----------------------Command Output-----------------------
2025-10-21 13:00:19,136 P31670 [INFO] 	Last metadata expiration check: 0:00:04 ago on Tue 21 Oct 2025 01:00:15 PM UTC.
2025-10-21 13:00:19,136 P31670 [INFO] 	Error: No matching Packages to list
2025-10-21 13:00:19,136 P31670 [INFO] ------------------------------------------------------------
2025-10-21 13:00:19,136 P31670 [ERROR] Exited with error code 1
2025-10-21 13:10:49,640 P32211 [INFO] ************************************************************
2025-10-21 13:10:49,640 P32211 [INFO] ConfigSet Infra-EmbeddedPreBuild
2025-10-21 13:10:49,643 P32211 [INFO] ++++++++++++++++++++++++++++++++++++++++++++++++++++++++++++
2025-10-21 13:10:49,643 P32211 [INFO] Config prebuild_0_jeceProject
2025-10-21 13:10:49,643 P32211 [INFO] ============================================================
2025-10-21 13:10:49,643 P32211 [INFO] Command 01_pip_upgrade
2025-10-21 13:10:50,519 P32211 [INFO] -----------------------Command Output-----------------------
2025-10-21 13:10:50,519 P32211 [INFO] 	Requirement already satisfied: pip in /opt/elasticbeanstalk/site-packages (25.2)
2025-10-21 13:10:50,519 P32211 [INFO] 	WARNING: Running pip as the 'root' user can result in broken permissions and conflicting behaviour with the system package manager, possibly rendering your system unusable. It is recommended to use a virtual environment instead: https://pip.pypa.io/warnings/venv. Use the --root-user-action option if you know what you are doing and want to suppress this warning.
2025-10-21 13:10:50,519 P32211 [INFO] ------------------------------------------------------------
2025-10-21 13:10:50,519 P32211 [INFO] Completed successfully.
2025-10-21 13:10:50,519 P32211 [INFO] ============================================================
2025-10-21 13:10:50,519 P32211 [INFO] Command 02_install_requirements
2025-10-21 13:10:50,899 P32211 [INFO] -----------------------Command Output-----------------------
2025-10-21 13:10:50,899 P32211 [INFO] 	ERROR: Could not open requirements file: [Errno 2] No such file or directory: 'requirements.txt'
2025-10-21 13:10:50,899 P32211 [INFO] ------------------------------------------------------------
2025-10-21 13:10:50,899 P32211 [ERROR] Exited with error code 1
2025-10-21 13:15:23,198 P32424 [INFO] ************************************************************
2025-10-21 13:15:23,198 P32424 [INFO] ConfigSet Infra-EmbeddedPreBuild
2025-10-21 13:15:23,200 P32424 [INFO] ++++++++++++++++++++++++++++++++++++++++++++++++++++++++++++
2025-10-21 13:15:23,200 P32424 [INFO] Config prebuild_0_jeceProject
2025-10-21 13:15:23,201 P32424 [INFO] ============================================================
2025-10-21 13:15:23,201 P32424 [INFO] Command 01_pip_upgrade
2025-10-21 13:15:23,690 P32424 [INFO] -----------------------Command Output-----------------------
2025-10-21 13:15:23,690 P32424 [INFO] 	Requirement already satisfied: pip in /opt/elasticbeanstalk/site-packages (25.2)
2025-10-21 13:15:23,690 P32424 [INFO] 	WARNING: Running pip as the 'root' user can result in broken permissions and conflicting behaviour with the system package manager, possibly rendering your system unusable. It is recommended to use a virtual environment instead: https://pip.pypa.io/warnings/venv. Use the --root-user-action option if you know what you are doing and want to suppress this warning.
2025-10-21 13:15:23,690 P32424 [INFO] ------------------------------------------------------------
2025-10-21 13:15:23,690 P32424 [INFO] Completed successfully.
2025-10-21 13:15:23,690 P32424 [INFO] ============================================================
2025-10-21 13:15:23,690 P32424 [INFO] Command 02_install_requirements
2025-10-21 13:15:24,066 P32424 [INFO] -----------------------Command Output-----------------------
2025-10-21 13:15:24,066 P32424 [INFO] 	ERROR: Could not open requirements file: [Errno 2] No such file or directory: 'requirements.txt'
2025-10-21 13:15:24,066 P32424 [INFO] ------------------------------------------------------------
2025-10-21 13:15:24,066 P32424 [ERROR] Exited with error code 1
2025-10-21 13:29:44,457 P32966 [INFO] ************************************************************
2025-10-21 13:29:44,457 P32966 [INFO] ConfigSet Infra-EmbeddedPreBuild
2025-10-21 13:29:44,459 P32966 [INFO] ++++++++++++++++++++++++++++++++++++++++++++++++++++++++++++
2025-10-21 13:29:44,459 P32966 [INFO] Config prebuild_0_jeceProject
2025-10-21 13:29:44,460 P32966 [INFO] ============================================================
2025-10-21 13:29:44,460 P32966 [INFO] Command 01_pip_upgrade
2025-10-21 13:29:44,490 P32966 [INFO] -----------------------Command Output-----------------------
2025-10-21 13:29:44,491 P32966 [INFO] 	/usr/bin/python3: No module named pip
2025-10-21 13:29:44,491 P32966 [INFO] ------------------------------------------------------------
2025-10-21 13:29:44,491 P32966 [ERROR] Exited with error code 1
2025-10-21 13:30:59,994 P33063 [INFO] ************************************************************
2025-10-21 13:30:59,994 P33063 [INFO] ConfigSet Infra-EmbeddedPreBuild
2025-10-21 13:30:59,997 P33063 [INFO] ++++++++++++++++++++++++++++++++++++++++++++++++++++++++++++
2025-10-21 13:30:59,997 P33063 [INFO] Config prebuild_0_jeceProject
2025-10-21 13:31:00,033 P33063 [INFO] ============================================================
2025-10-21 13:31:00,033 P33063 [INFO] Command 01_pip_upgrade
2025-10-21 13:31:00,166 P33063 [INFO] -----------------------Command Output-----------------------
2025-10-21 13:31:00,166 P33063 [INFO] 	/usr/bin/python3: No module named pip
2025-10-21 13:31:00,166 P33063 [INFO] ------------------------------------------------------------
2025-10-21 13:31:00,166 P33063 [ERROR] Exited with error code 1
2025-10-21 13:51:00,527 P33812 [INFO] ************************************************************
2025-10-21 13:51:00,527 P33812 [INFO] ConfigSet Infra-EmbeddedPreBuild
2025-10-21 13:51:00,529 P33812 [INFO] ++++++++++++++++++++++++++++++++++++++++++++++++++++++++++++
2025-10-21 13:51:00,529 P33812 [INFO] Config prebuild_0_jeceProject
2025-10-21 13:51:00,530 P33812 [INFO] ============================================================
2025-10-21 13:51:00,530 P33812 [INFO] Command 01_pip_upgrade
2025-10-21 13:51:00,565 P33812 [INFO] -----------------------Command Output-----------------------
2025-10-21 13:51:00,565 P33812 [INFO] 	/usr/bin/python3: No module named pip
2025-10-21 13:51:00,565 P33812 [INFO] ------------------------------------------------------------
2025-10-21 13:51:00,565 P33812 [ERROR] Exited with error code 1
2025-10-21 13:55:39,214 P33978 [INFO] ************************************************************
2025-10-21 13:55:39,214 P33978 [INFO] ConfigSet Infra-EmbeddedPreBuild
2025-10-21 13:55:39,216 P33978 [INFO] ++++++++++++++++++++++++++++++++++++++++++++++++++++++++++++
2025-10-21 13:55:39,216 P33978 [INFO] Config prebuild_0_jeceProject
2025-10-21 13:55:39,218 P33978 [INFO] ============================================================
2025-10-21 13:55:39,218 P33978 [INFO] Command 01_pip_upgrade
2025-10-21 13:55:39,246 P33978 [INFO] -----------------------Command Output-----------------------
2025-10-21 13:55:39,246 P33978 [INFO] 	/usr/bin/python3: No module named pip
2025-10-21 13:55:39,247 P33978 [INFO] ------------------------------------------------------------
2025-10-21 13:55:39,247 P33978 [ERROR] Exited with error code 1
2025-10-21 14:04:43,206 P34431 [INFO] ************************************************************
2025-10-21 14:04:43,206 P34431 [INFO] ConfigSet Infra-EmbeddedPreBuild
2025-10-21 14:04:43,208 P34431 [INFO] ++++++++++++++++++++++++++++++++++++++++++++++++++++++++++++
2025-10-21 14:04:43,208 P34431 [INFO] Config prebuild_0_jeceProject
2025-10-21 14:04:43,210 P34431 [INFO] ============================================================
2025-10-21 14:04:43,210 P34431 [INFO] Command 01_upgrade_pip
2025-10-21 14:04:43,240 P34431 [INFO] -----------------------Command Output-----------------------
2025-10-21 14:04:43,240 P34431 [INFO] 	/usr/bin/python3: No module named pip
2025-10-21 14:04:43,240 P34431 [INFO] ------------------------------------------------------------
2025-10-21 14:04:43,240 P34431 [INFO] Completed successfully.
2025-10-21 14:04:43,240 P34431 [INFO] ============================================================
2025-10-21 14:04:43,240 P34431 [INFO] Command 02_install_requirements
2025-10-21 14:04:43,632 P34431 [INFO] -----------------------Command Output-----------------------
2025-10-21 14:04:43,632 P34431 [INFO] 	ERROR: Could not open requirements file: [Errno 2] No such file or directory: '/var/app/staging/requirements.txt'
2025-10-21 14:04:43,632 P34431 [INFO] ------------------------------------------------------------
2025-10-21 14:04:43,632 P34431 [ERROR] Exited with error code 1
2025-10-21 14:08:10,065 P34538 [INFO] ************************************************************
2025-10-21 14:08:10,065 P34538 [INFO] ConfigSet Infra-EmbeddedPreBuild
2025-10-21 14:08:10,067 P34538 [INFO] ++++++++++++++++++++++++++++++++++++++++++++++++++++++++++++
2025-10-21 14:08:10,067 P34538 [INFO] Config prebuild_0_jeceProject
2025-10-21 14:08:10,068 P34538 [INFO] ============================================================
2025-10-21 14:08:10,069 P34538 [INFO] Command 01_upgrade_pip
2025-10-21 14:08:10,098 P34538 [INFO] -----------------------Command Output-----------------------
2025-10-21 14:08:10,098 P34538 [INFO] 	/usr/bin/python3: No module named pip
2025-10-21 14:08:10,098 P34538 [INFO] ------------------------------------------------------------
2025-10-21 14:08:10,098 P34538 [INFO] Completed successfully.
2025-10-21 14:08:10,099 P34538 [INFO] ============================================================
2025-10-21 14:08:10,099 P34538 [INFO] Command 02_install_requirements
2025-10-21 14:08:10,492 P34538 [INFO] -----------------------Command Output-----------------------
2025-10-21 14:08:10,492 P34538 [INFO] 	ERROR: Could not open requirements file: [Errno 2] No such file or directory: '/var/app/staging/requirements.txt'
2025-10-21 14:08:10,492 P34538 [INFO] ------------------------------------------------------------
2025-10-21 14:08:10,492 P34538 [ERROR] Exited with error code 1
2025-10-21 14:41:31,130 P35761 [INFO] ************************************************************
2025-10-21 14:41:31,130 P35761 [INFO] ConfigSet Infra-EmbeddedPreBuild
2025-10-21 14:41:31,133 P35761 [INFO] ++++++++++++++++++++++++++++++++++++++++++++++++++++++++++++
2025-10-21 14:41:31,133 P35761 [INFO] Config prebuild_0_jeceProject
2025-10-21 14:41:31,134 P35761 [INFO] ============================================================
2025-10-21 14:41:31,134 P35761 [INFO] Command 01_upgrade_pip
2025-10-21 14:41:31,164 P35761 [INFO] -----------------------Command Output-----------------------
2025-10-21 14:41:31,164 P35761 [INFO] 	/usr/bin/python3: No module named pip
2025-10-21 14:41:31,164 P35761 [INFO] ------------------------------------------------------------
2025-10-21 14:41:31,164 P35761 [INFO] Completed successfully.
2025-10-21 14:41:31,165 P35761 [INFO] ============================================================
2025-10-21 14:41:31,165 P35761 [INFO] Command 02_install_requirements
2025-10-21 14:41:31,546 P35761 [INFO] -----------------------Command Output-----------------------
2025-10-21 14:41:31,546 P35761 [INFO] 	ERROR: Could not open requirements file: [Errno 2] No such file or directory: '/var/app/staging/requirements.txt'
2025-10-21 14:41:31,547 P35761 [INFO] ------------------------------------------------------------
2025-10-21 14:41:31,547 P35761 [ERROR] Exited with error code 1
