[2025-10-20T23:51:54Z] Started EB User Data
+ SLEEP_TIME=2
+ SLEEP_TIME_MAX=3600
+ true
+ curl https://elasticbeanstalk-platform-assets-ap-southeast-1.s3.ap-southeast-1.amazonaws.com/stalks/eb_python313_amazon_linux_2023_1.0.1080.0_20251003150750/lib/UserDataScript.sh
  % Total    % Received % Xferd  Average Speed   Time    Time     Time  Current
                                 Dload  Upload   Total   Spent    Left  Speed
  0     0    0     0    0     0      0      0 --:--:-- --:--:-- --:--:--     0100  4838  100  4838    0     0   100k      0 --:--:-- --:--:-- --:--:--  102k
+ RESULT=0
+ [[ 0 -ne 0 ]]
+ /bin/bash /tmp/ebbootstrap.sh 'https://cloudformation-waitcondition-ap-southeast-1.s3-ap-southeast-1.amazonaws.com/arn%3Aaws%3Acloudformation%3Aap-southeast-1%3A974082559319%3Astack/awseb-e-2nzfb3xwfm-stack/9c272940-ae0f-11f0-8fa9-02ae66e449fd/9c294c20-ae0f-11f0-8fa9-02ae66e449fd/AWSEBInstanceLaunchWaitHandle?X-Amz-Algorithm=AWS4-HMAC-SHA256&X-Amz-Date=20251020T235054Z&X-Amz-SignedHeaders=host&X-Amz-Expires=86399&X-Amz-Credential=AKIAXKFFXMS337UUQZVD%2F20251020%2Fap-southeast-1%2Fs3%2Faws4_request&X-Amz-Signature=d41dedde99ee2ea099e98047cb3931f2d9eccf70ce2119a369fd33e41079e97e' arn:aws:cloudformation:ap-southeast-1:974082559319:stack/awseb-e-2nzfb3xwfm-stack/9c272940-ae0f-11f0-8fa9-02ae66e449fd 1650bef2-2a33-4150-bda5-32205fe84c95 https://elasticbeanstalk-health.ap-southeast-1.amazonaws.com '' https://elasticbeanstalk-platform-assets-ap-southeast-1.s3.ap-southeast-1.amazonaws.com/stalks/eb_python313_amazon_linux_2023_1.0.1080.0_20251003150750 ap-southeast-1
[2025-10-20T23:51:54.796Z] Started EB Bootstrapping Script.
[2025-10-20T23:51:54.800Z] Received parameters:
 TARBALLS = 
 EB_GEMS = 
 SIGNAL_URL = https://cloudformation-waitcondition-ap-southeast-1.s3-ap-southeast-1.amazonaws.com/arn%3Aaws%3Acloudformation%3Aap-southeast-1%3A974082559319%3Astack/awseb-e-2nzfb3xwfm-stack/9c272940-ae0f-11f0-8fa9-02ae66e449fd/9c294c20-ae0f-11f0-8fa9-02ae66e449fd/AWSEBInstanceLaunchWaitHandle?X-Amz-Algorithm=AWS4-HMAC-SHA256&X-Amz-Date=20251020T235054Z&X-Amz-SignedHeaders=host&X-Amz-Expires=86399&X-Amz-Credential=AKIAXKFFXMS337UUQZVD%2F20251020%2Fap-southeast-1%2Fs3%2Faws4_request&X-Amz-Signature=d41dedde99ee2ea099e98047cb3931f2d9eccf70ce2119a369fd33e41079e97e
 STACK_ID = arn:aws:cloudformation:ap-southeast-1:974082559319:stack/awseb-e-2nzfb3xwfm-stack/9c272940-ae0f-11f0-8fa9-02ae66e449fd
 REGION = ap-southeast-1
 GUID = 
 HEALTHD_GROUP_ID = 1650bef2-2a33-4150-bda5-32205fe84c95
 HEALTHD_ENDPOINT = https://elasticbeanstalk-health.ap-southeast-1.amazonaws.com
 PROXY_SERVER = 
 HEALTHD_PROXY_LOG_LOCATION = 
 PLATFORM_ASSETS_URL = https://elasticbeanstalk-platform-assets-ap-southeast-1.s3.ap-southeast-1.amazonaws.com/stalks/eb_python313_amazon_linux_2023_1.0.1080.0_20251003150750
[2025-10-20T23:51:54.807Z] engine url is set to https://elasticbeanstalk-platform-assets-ap-southeast-1.s3.ap-southeast-1.amazonaws.com/stalks/eb_python313_amazon_linux_2023_1.0.1080.0_20251003150750/lib/platform-engine.zip
[2025-10-20T23:51:54.810Z] first init of instance.
[2025-10-20T23:51:54.812Z] Started executing cfn_init _OnInstanceBoot.
[2025-10-20T23:51:54.814Z] Running cfn-init ConfigSet: _OnInstanceBoot.
[2025-10-20T23:51:54.816Z] Using stack-id from userdata
[2025-10-20T23:51:55.564Z] Command Returned: 
[2025-10-20T23:51:55.567Z] Completed executing cfn_init.
[2025-10-20T23:51:55.569Z] finished _OnInstanceBoot
[2025-10-20T23:51:55.572Z] installing platform engine
2025-10-20 23:51:56 URL:https://elasticbeanstalk-platform-assets-ap-southeast-1.s3.ap-southeast-1.amazonaws.com/stalks/eb_python313_amazon_linux_2023_1.0.1080.0_20251003150750/lib/platform-engine.zip [33616226/33616226] -> "/tmp/platform-engine.zip" [1]
[2025-10-20T23:51:56.672Z] executing platform engine. see /var/log/eb-engine.log.
[2025-10-20T23:51:58.509Z] Successfully bootstrapped instance.
[2025-10-20T23:51:58.513Z] Sending signal 0 to CFN wait condition https://cloudformation-waitcondition-ap-southeast-1.s3-ap-southeast-1.amazonaws.com/arn%3Aaws%3Acloudformation%3Aap-southeast-1%3A974082559319%3Astack/awseb-e-2nzfb3xwfm-stack/9c272940-ae0f-11f0-8fa9-02ae66e449fd/9c294c20-ae0f-11f0-8fa9-02ae66e449fd/AWSEBInstanceLaunchWaitHandle?X-Amz-Algorithm=AWS4-HMAC-SHA256&X-Amz-Date=20251020T235054Z&X-Amz-SignedHeaders=host&X-Amz-Expires=86399&X-Amz-Credential=AKIAXKFFXMS337UUQZVD%2F20251020%2Fap-southeast-1%2Fs3%2Faws4_request&X-Amz-Signature=d41dedde99ee2ea099e98047cb3931f2d9eccf70ce2119a369fd33e41079e97e
CloudFormation signaled successfully with status SUCCESS
[2025-10-20T23:51:58.827Z] Tailing /var/log/eb-engine.log

******************* eb-engine taillog *******************
2025/10/20 23:51:57.531333 [INFO] 1001

2025/10/20 23:51:57.531693 [INFO] configure bundle log for healthd...
2025/10/20 23:51:57.531758 [INFO] Executing instruction: GetSetupProxyLog
2025/10/20 23:51:57.531840 [INFO] Skipping Install yum packages
2025/10/20 23:51:57.531845 [INFO] Skipping Install Python Bundle
2025/10/20 23:51:57.531849 [INFO] Skipping Configure Python site-packages
2025/10/20 23:51:57.531853 [INFO] Skipping Install Python Modules
2025/10/20 23:51:57.531857 [INFO] Skipping MarkBaked
2025/10/20 23:51:57.531862 [INFO] Instance has NOT been bootstrapped
2025/10/20 23:51:57.531864 [INFO] Executing instruction: TuneSystemSettings
2025/10/20 23:51:57.531867 [INFO] Starting TuneSystemSettings
2025/10/20 23:51:57.531870 [INFO] Instance has NOT been bootstrapped
2025/10/20 23:51:57.534321 [INFO] Executing instruction: GetSetupLogRotate
2025/10/20 23:51:57.534327 [INFO] Initialize LogRotate files and directories
2025/10/20 23:51:57.552713 [INFO] Instance has NOT been bootstrapped
2025/10/20 23:51:57.552728 [INFO] Executing instruction: BootstrapCFNHup
2025/10/20 23:51:57.552731 [INFO] Bootstrap cfn-hup
2025/10/20 23:51:57.554844 [INFO] Copying file /opt/elasticbeanstalk/config/private/aws-eb-command-handler.conf to /etc/cfn/hooks.d/aws-eb-command-handler.conf
2025/10/20 23:51:57.557281 [INFO] Executing instruction: StartCFNHup
2025/10/20 23:51:57.557293 [INFO] Start cfn-hup
2025/10/20 23:51:57.557308 [INFO] Running command: systemctl show -p PartOf cfn-hup.service
2025/10/20 23:51:57.573768 [INFO] cfn-hup is not registered with EB yet, registering it now
2025/10/20 23:51:57.573805 [INFO] Running command: systemctl show -p PartOf cfn-hup.service
2025/10/20 23:51:57.608198 [INFO] Running command: systemctl daemon-reload
2025/10/20 23:51:57.820861 [INFO] Running command: systemctl reset-failed
2025/10/20 23:51:57.831281 [INFO] Running command: systemctl is-enabled aws-eb.target
2025/10/20 23:51:57.839873 [INFO] Running command: systemctl enable aws-eb.target
2025/10/20 23:51:58.085496 [INFO] Running command: systemctl start aws-eb.target
2025/10/20 23:51:58.095079 [INFO] Running command: systemctl enable cfn-hup.service
2025/10/20 23:51:58.364479 [INFO] Created symlink /etc/systemd/system/multi-user.target.wants/cfn-hup.service → /etc/systemd/system/cfn-hup.service.

2025/10/20 23:51:58.364513 [INFO] Running command: systemctl is-active cfn-hup.service
2025/10/20 23:51:58.373100 [INFO] cfn-hup process is not running, starting it now
2025/10/20 23:51:58.373128 [INFO] Running command: systemctl show -p PartOf cfn-hup.service
2025/10/20 23:51:58.383598 [INFO] Running command: systemctl is-active cfn-hup.service
2025/10/20 23:51:58.391651 [INFO] Running command: systemctl start cfn-hup.service
2025/10/20 23:51:58.504712 [INFO] Instance has NOT been bootstrapped
2025/10/20 23:51:58.504730 [INFO] Executing instruction: SetupPublishLogCronjob
2025/10/20 23:51:58.504733 [INFO] Setup publish logs cron job...
2025/10/20 23:51:58.504736 [INFO] Copying file /opt/elasticbeanstalk/config/private/logtasks/cron/publishlogs to /etc/cron.d/publishlogs
2025/10/20 23:51:58.506999 [INFO] Instance has NOT been bootstrapped
2025/10/20 23:51:58.507018 [INFO] Executing instruction: MarkBootstrapped
2025/10/20 23:51:58.507022 [INFO] Starting MarkBootstrapped
2025/10/20 23:51:58.507025 [INFO] Instance has NOT been bootstrapped
2025/10/20 23:51:58.507124 [INFO] Marked instance as Bootstrapped
2025/10/20 23:51:58.507127 [INFO] Executing instruction: Save CFN Stack Info
2025/10/20 23:51:58.507182 [INFO] Executing cleanup logic
2025/10/20 23:51:58.507190 [INFO] Platform Engine finished execution on command: env-launch
******************* End of taillog *******************


[2025-10-20T23:51:58.884Z] Tailing /var/log/eb-tools.log

******************* eb-tools taillog *******************
***eb-tools is not available yet.***
******************* End of taillog *******************


[2025-10-20T23:51:58.906Z] Tailing /var/log/eb-hooks.log

******************* eb-hooks taillog *******************
***eb-hooks is not available yet.***
******************* End of taillog *******************


[2025-10-20T23:51:58.915Z] Tailing /var/log/cfn-init.log

******************* cfn-init taillog *******************
2025-10-20 23:51:55,292 [INFO] -----------------------Starting build-----------------------
2025-10-20 23:51:55,297 [INFO] Running configSets: _OnInstanceBoot
2025-10-20 23:51:55,299 [INFO] Running configSet _OnInstanceBoot
2025-10-20 23:51:55,301 [INFO] Running config AWSEBBaseConfig
2025-10-20 23:51:55,518 [INFO] Command clearbackupfiles succeeded
2025-10-20 23:51:55,521 [INFO] Running config AWSEBCfnHupEndpointOverride
2025-10-20 23:51:55,526 [INFO] Command clearbackupfiles succeeded
2025-10-20 23:51:55,527 [INFO] ConfigSets completed
2025-10-20 23:51:55,528 [INFO] -----------------------Build complete-----------------------
******************* End of taillog *******************


[2025-10-20T23:51:58.922Z] Tailing /var/log/cfn-hup.log

******************* cfn-hup taillog *******************
2025-10-20 23:51:58,699 [DEBUG] CloudFormation client initialized with endpoint https://cloudformation.ap-southeast-1.amazonaws.com
2025-10-20 23:51:58,700 [DEBUG] SQS client initialized with endpoint https://sqs.ap-southeast-1.amazonaws.com
2025-10-20 23:51:58,700 [DEBUG] CloudFormation client initialized with endpoint https://cloudformation.ap-southeast-1.amazonaws.com
2025-10-20 23:51:58,700 [DEBUG] Enabled single threading mode.
2025-10-20 23:51:58,700 [DEBUG] Creating /var/lib/cfn-hup/data
2025-10-20 23:51:58,710 [INFO] No umask value specified in config file. Using the default one: 0o22
2025-10-20 23:51:58,776 [INFO] Pid: 1808
******************* End of taillog *******************


[2025-10-20T23:51:58.925Z] Completed EB Bootstrapping Script.
+ RESULT=0
+ [[ 0 -ne 0 ]]
+ exit 0
